// Jest Snapshot v1, https://goo.gl/fbAQLP

exports[`Viser oppgavecontainer med alt innhold 1`] = `
Array [
  .c5 {
  position: relative;
  border: none;
  padding: 0;
  border-radius: .35rem;
  cursor: pointer;
  background-color: transparent;
  display: -webkit-box;
  display: -webkit-flex;
  display: -ms-flexbox;
  display: flex;
  -webkit-align-items: center;
  -webkit-box-align: center;
  -ms-flex-align: center;
  align-items: center;
  color: #0067c5;
}

.c5:after {
  border-bottom: 1px #b7b1a9 solid;
  position: absolute;
  bottom: 0;
  left: 0;
  width: 100%;
}

.c5:focus {
  outline: none;
  box-shadow: 0 0 0 0.1875rem #254b6d;
}

.c5:hover {
  opacity: 0.8;
}

.c5:hover:after {
  content: '';
  border-color: #0067c5;
}

.c1 {
  position: relative;
}

.c3 {
  position: absolute !important;
  bottom: 0.4rem;
  right: 0.4rem;
}

.c2 {
  position: relative;
  margin-bottom: 1rem;
}

.c2 .skjemaelement {
  margin-bottom: 0;
}

.c4 {
  display: -webkit-box;
  display: -webkit-flex;
  display: -ms-flexbox;
  display: flex;
  -webkit-box-pack: justify;
  -webkit-justify-content: space-between;
  -ms-flex-pack: justify;
  justify-content: space-between;
}

.c4 button {
  margin: 0;
}

.c0 .inputPanelGruppe__inner {
  display: -webkit-box;
  display: -webkit-flex;
  display: -ms-flexbox;
  display: flex;
}

.c0 .inputPanelGruppe__inner > * {
  -webkit-box-flex: 1;
  -webkit-flex-grow: 1;
  -ms-flex-positive: 1;
  flex-grow: 1;
}

<form
    onSubmit={[Function]}
  >
    <div
      className="c0"
    >
      <div
        className="skjemaelement"
      >
        <label
          className="skjemaelement__label"
          htmlFor="Helt tilfeldig ID"
        >
          Tema
        </label>
        <div
          className="selectContainer input--fullbredde"
        >
          <select
            className="skjemaelement__input"
            disabled={false}
            id="Helt tilfeldig ID"
            onChange={[Function]}
          >
            <option
              value=""
            >
              Velg tema
            </option>
            <option
              value="AGR"
            >
              Ajourhold - Grunnopplysninger
            </option>
            <option
              value="AAP"
            >
              Arbeidsavklaringspenger
            </option>
          </select>
        </div>
        <div
          aria-live="assertive"
          role="alert"
        />
      </div>
      <div
        className="skjemaelement"
      >
        <label
          className="skjemaelement__label"
          htmlFor="Helt tilfeldig ID"
        >
          Gjelder
        </label>
        <div
          className="selectContainer input--fullbredde"
        >
          <select
            className="skjemaelement__input"
            disabled={false}
            id="Helt tilfeldig ID"
            onChange={[Function]}
          >
            <option
              value=""
            >
              Ingen tema valgt
            </option>
          </select>
        </div>
        <div
          aria-live="assertive"
          role="alert"
        />
      </div>
      <div
        className="skjemaelement"
      >
        <label
          className="skjemaelement__label"
          htmlFor="Helt tilfeldig ID"
        >
          Type oppgave
        </label>
        <div
          className="selectContainer input--fullbredde"
        >
          <select
            className="skjemaelement__input"
            disabled={false}
            id="Helt tilfeldig ID"
            onChange={[Function]}
          >
            <option
              value=""
            >
              Ingen tema valgt
            </option>
          </select>
        </div>
        <div
          aria-live="assertive"
          role="alert"
        />
      </div>
      <div
        aria-expanded={false}
        aria-haspopup="listbox"
        aria-labelledby="downshift-0-label"
        aria-owns={null}
        className="c1"
        role="combobox"
      >
        <div
          className="c2"
        >
          <div
            className="skjemaelement"
          >
            <label
              className="skjemaelement__label"
              htmlFor="downshift-0-input"
            >
              Velg enhet
            </label>
            <input
              aria-activedescendant={null}
              aria-autocomplete="list"
              aria-controls={null}
              aria-label="Laster data"
              aria-labelledby="downshift-0-label"
              autoComplete="off"
              className="skjemaelement__input input--fullbredde"
              id="downshift-0-input"
              onBlur={[Function]}
              onChange={[Function]}
              onFocus={[Function]}
              onKeyDown={[Function]}
              type="text"
              value=""
            />
            <div
              aria-live="assertive"
              role="alert"
            />
          </div>
          <svg
            aria-label="Laster innhold"
            className="spinner c3 spinner--s"
            focusable="false"
            height={32}
            kind="spinner"
            preserveAspectRatio="xMidYMid"
            viewBox="0 0 50 50"
            width={32}
          >
            <title>
              Venter...
            </title>
            <circle
              cx="25"
              cy="25"
              fill="none"
              r="20"
              stroke="#bdbab7"
              strokeWidth="5"
              xmlns="http://www.w3.org/2000/svg"
            />
            <circle
              cx="25"
              cy="25"
              fill="none"
              r="20"
              stroke="#7f756c"
              strokeDasharray="50 155"
              strokeLinecap="round"
              strokeWidth="5"
            />
          </svg>
        </div>
      </div>
      <div
        aria-expanded={false}
        aria-haspopup="listbox"
        aria-labelledby="downshift-1-label"
        aria-owns={null}
        className="c1"
        role="combobox"
      >
        <div
          className="c2"
        >
          <div
            className="skjemaelement"
          >
            <label
              className="skjemaelement__label"
              htmlFor="downshift-1-input"
            >
              Velg ansatt
            </label>
            <input
              aria-activedescendant={null}
              aria-autocomplete="list"
              aria-controls={null}
              aria-label="Laster data"
              aria-labelledby="downshift-1-label"
              autoComplete="off"
              className="skjemaelement__input input--fullbredde"
              id="downshift-1-input"
              onBlur={[Function]}
              onChange={[Function]}
              onFocus={[Function]}
              onKeyDown={[Function]}
              type="text"
              value=""
            />
            <div
              aria-live="assertive"
              role="alert"
            />
          </div>
          <svg
            aria-label="Laster innhold"
            className="spinner c3 spinner--s"
            focusable="false"
            height={32}
            kind="spinner"
            preserveAspectRatio="xMidYMid"
            viewBox="0 0 50 50"
            width={32}
          >
            <title>
              Venter...
            </title>
            <circle
              cx="25"
              cy="25"
              fill="none"
              r="20"
              stroke="#bdbab7"
              strokeWidth="5"
              xmlns="http://www.w3.org/2000/svg"
            />
            <circle
              cx="25"
              cy="25"
              fill="none"
              r="20"
              stroke="#7f756c"
              strokeDasharray="50 155"
              strokeLinecap="round"
              strokeWidth="5"
            />
          </svg>
        </div>
      </div>
      <div
        className="inputPanelGruppe"
      >
        <fieldset
          className="skjema__fieldset"
        >
          <legend
            className="skjema__legend"
          >
            Prioritet
          </legend>
          <div
            className="inputPanelGruppe__inner"
          >
            <label
              className="inputPanel radioPanel"
              htmlFor="Helt tilfeldig ID"
            >
              <input
                aria-checked={false}
                checked={false}
                className="inputPanel__field"
                id="Helt tilfeldig ID"
                name="Prioritet"
                onBlur={[Function]}
                onChange={[Function]}
                onFocus={[Function]}
                type="radio"
                value="HOY"
              />
              <span
                className="inputPanel__label"
              >
                HÃ¸y
              </span>
            </label>
            <label
              className="inputPanel radioPanel inputPanel--checked"
              htmlFor="Helt tilfeldig ID"
            >
              <input
                aria-checked={true}
                checked={true}
                className="inputPanel__field"
                id="Helt tilfeldig ID"
                name="Prioritet"
                onBlur={[Function]}
                onChange={[Function]}
                onFocus={[Function]}
                type="radio"
                value="NORM"
              />
              <span
                className="inputPanel__label"
              >
                Normal
              </span>
            </label>
            <label
              className="inputPanel radioPanel"
              htmlFor="Helt tilfeldig ID"
            >
              <input
                aria-checked={false}
                checked={false}
                className="inputPanel__field"
                id="Helt tilfeldig ID"
                name="Prioritet"
                onBlur={[Function]}
                onChange={[Function]}
                onFocus={[Function]}
                type="radio"
                value="LAV"
              />
              <span
                className="inputPanel__label"
              >
                Lav
              </span>
            </label>
          </div>
        </fieldset>
        <div
          aria-live="assertive"
          role="alert"
        />
      </div>
      <div
        className="skjemaelement textarea__container"
      >
        <label
          className="skjemaelement__label"
          htmlFor="Helt tilfeldig ID"
        >
          Beskrivelse
        </label>
        <div
          className="textarea--medMeta__wrapper"
        >
          <textarea
            className="skjemaelement__input textarea--medMeta"
            id="Helt tilfeldig ID"
            onChange={[Function]}
            style={
              Object {
                "height": "30px",
              }
            }
            type="text"
            value=""
          />
          <p
            className="textarea--medMeta__teller"
          >
            <span
              aria-live="polite"
              className="teller-tekst"
            >
              Du har 2000 tegn igjen
            </span>
          </p>
        </div>
        <div
          aria-live="assertive"
          role="alert"
        />
        <div
          aria-hidden="true"
          className="textareamirror"
        />
      </div>
      <div
        className="c4"
      >
        <button
          className="knapp knapp--hoved"
          disabled={false}
          type="submit"
        >
          Send
        </button>
        <button
          className="c5"
          onClick={[Function]}
          type="button"
        >
          Avbryt
        </button>
      </div>
    </div>
  </form>,
  .c0 {
  padding-top: .8rem;
  color: #d0021b;
}

<div
    aria-live="polite"
    className="c0"
  />,
]
`;
