// Jest Snapshot v1, https://goo.gl/fbAQLP

exports[`viser hurtigreferat 1`] = `
.c8 {
  color: #645f5a;
  margin-top: 3px;
}

.c8 .typo-etikett-liten {
  line-height: 1rem;
}

.c7 {
  padding: 1rem;
  background-color: white;
  border: 1px solid rgba(0,0,0,0.5);
  border-radius: .25rem;
}

.c7 > * {
  margin-bottom: 0.5rem;
}

.c3 {
  position: relative;
  display: -webkit-box;
  display: -webkit-flex;
  display: -ms-flexbox;
  display: flex;
  -webkit-align-items: center;
  -webkit-box-align: center;
  -ms-flex-align: center;
  align-items: center;
  -webkit-box-pack: justify;
  -webkit-justify-content: space-between;
  -ms-flex-pack: justify;
  justify-content: space-between;
  background-color: white;
  -webkit-flex-wrap: wrap;
  -ms-flex-wrap: wrap;
  flex-wrap: wrap;
  padding: 0.15rem 0.35rem;
}

.c3 > * {
  -webkit-box-flex: 1;
  -webkit-flex-grow: 1;
  -ms-flex-positive: 1;
  flex-grow: 1;
  margin: 0.15rem;
}

.c3:nth-child(odd) {
  background-color: #dedede;
}

.c3 svg {
  height: 2rem;
  width: 2rem;
}

.c3 svg:hover {
  opacity: 0.7;
}

.c5:not(:hover):not(:focus-within):not(:focus) .content {
  position: absolute !important;
  height: 1px;
  width: 1px;
  overflow: hidden;
  -webkit-clip: rect(1px 1px 1px 1px);
  clip: rect(1px 1px 1px 1px);
  -webkit-clip: rect(1px,1px,1px,1px);
  clip: rect(1px,1px,1px,1px);
}

.c5:focus {
  outline: none;
  box-shadow: 0 0 0 0.1875rem #254b6d;
  border-radius: .25rem;
}

.c6 {
  position: absolute;
  z-index: 1000;
  left: 10%;
  width: 80%;
  padding-top: 0.5rem;
  -webkit-filter: drop-shadow(0 1rem 2rem rgba(0,0,0,0.7));
  filter: drop-shadow(0 1rem 2rem rgba(0,0,0,0.7));
}

.c4 {
  display: -webkit-box;
  display: -webkit-flex;
  display: -ms-flexbox;
  display: flex;
  -webkit-align-items: center;
  -webkit-box-align: center;
  -ms-flex-align: center;
  align-items: center;
  -webkit-box-pack: end;
  -webkit-justify-content: flex-end;
  -ms-flex-pack: end;
  justify-content: flex-end;
}

.c4 > *:last-child {
  margin-left: 0.5rem;
}

.c2 label {
  position: absolute !important;
  height: 1px;
  width: 1px;
  overflow: hidden;
  -webkit-clip: rect(1px 1px 1px 1px);
  clip: rect(1px 1px 1px 1px);
  -webkit-clip: rect(1px,1px,1px,1px);
  clip: rect(1px,1px,1px,1px);
}

.c0 .ekspanderbartPanel__innhold {
  padding: 0;
}

.c0 .ekspanderbartPanel__hode:hover {
  box-shadow: inset 0 0 0 0.1rem #0067c5,0 0.1rem 0.1rem rgba(0,0,0,0.2);
}

.c0 .ekspanderbartPanel__hode {
  padding: 0.6rem;
}

.c0 label {
  position: absolute !important;
  height: 1px;
  width: 1px;
  overflow: hidden;
  -webkit-clip: rect(1px 1px 1px 1px);
  clip: rect(1px 1px 1px 1px);
  -webkit-clip: rect(1px,1px,1px,1px);
  clip: rect(1px,1px,1px,1px);
}

.c1 {
  padding: 0 0.5rem;
}

<article
  className="c0"
>
  <h3
    className="sr-only"
  >
    Send hurtigreferat
  </h3>
  <div
    className="ekspanderbartPanel ekspanderbartPanel--lukket ekspanderbartPanel--border"
  >
    <button
      aria-expanded={false}
      className="ekspanderbartPanel__hode"
      onClick={[Function]}
      onKeyDown={[Function]}
      type="button"
    >
      <div
        className="ekspanderbartPanel__flex-wrapper"
      >
        <span
          className="typo-element ekspanderbartPanel__heading"
        >
          Spor samtale
        </span>
        <span
          className="ekspanderbartPanel__indikator"
        />
      </div>
    </button>
    <article
      aria-label="Spor samtale"
      className="ekspanderbartPanel__innhold"
    >
      <div
        className="c1"
      >
        <div
          className=""
        >
          <div
            className="skjemaelement c2"
          >
            <label
              className="skjemaelement__label"
              htmlFor="Helt tilfeldig ID"
            >
              Tema
            </label>
            <div
              className="selectContainer input--fullbredde"
            >
              <select
                className="skjemaelement__input"
                disabled={false}
                id="Helt tilfeldig ID"
                onChange={[Function]}
                value=""
              >
                <option
                  disabled={true}
                  value=""
                >
                  Velg temagruppe
                </option>
                <option
                  value="ARBD"
                >
                  Arbeid
                </option>
                <option
                  value="FMLI"
                >
                  Familie
                </option>
                <option
                  value="HJLPM"
                >
                  Hjelpemiddel
                </option>
                <option
                  value="PENS"
                >
                  Pensjon
                </option>
                <option
                  value="OVRG"
                >
                  Øvrig
                </option>
              </select>
            </div>
            <div
              aria-live="assertive"
              role="alert"
            />
          </div>
          <div
            aria-live="assertive"
            role="alert"
          />
        </div>
      </div>
      <ul>
        <li
          className="c3"
        >
          <h4
            className="typo-element"
          >
            Generell informasjon
          </h4>
          <div
            className="c4"
          >
            <div
              className="c5"
              tabIndex={0}
            >
              <svg
                viewBox="0 0 24 24"
                xmlns="http://www.w3.org/2000/svg"
              >
                <g
                  fill="none"
                  stroke="#000"
                  strokeLinejoin="round"
                  strokeMiterlimit="10"
                >
                  <circle
                    cx="11.5"
                    cy="12.5"
                    r="11"
                    strokeLinecap="round"
                  />
                  <path
                    d="M8.5 19.5h6M9.5 10.5h2v8.5"
                    strokeLinecap="round"
                  />
                  <path
                    d="M11 6c-.277 0-.5.225-.5.5 0 .277.223.5.5.5.275 0 .5-.223.5-.5 0-.275-.225-.5-.5-.5z"
                  />
                </g>
              </svg>
              <div
                className="content c6"
              >
                <article
                  className="c7"
                >
                  <p
                    className="typo-normal"
                  >
                    Samtalereferat / Telefon
                  </p>
                  <div
                    className="c8"
                  >
                    <p
                      className="typo-etikett-liten"
                    >
                      01.01.1970 01:00
                    </p>
                  </div>
                  <div
                    className="tekstomrade"
                  >
                    Aremark Testfamilien har fått generell informasjon om NAVs tjenester og ytelser, og du finner mer informasjon om dette på 
                    <a
                      className="lenke"
                      href="https://www.nav.no"
                    >
                      www.nav.no
                    </a>
                  </div>
                </article>
              </div>
            </div>
            <button
              className="knapp knapp--flat"
              disabled={false}
              onClick={[Function]}
              type="submit"
            >
              Send
              <span
                className="sr-only"
              >
                 hurtigreferat 
                Generell informasjon
              </span>
            </button>
          </div>
        </li>
        <li
          className="c3"
        >
          <h4
            className="typo-element"
          >
            Veiledet www.nav.no
          </h4>
          <div
            className="c4"
          >
            <div
              className="c5"
              tabIndex={0}
            >
              <svg
                viewBox="0 0 24 24"
                xmlns="http://www.w3.org/2000/svg"
              >
                <g
                  fill="none"
                  stroke="#000"
                  strokeLinejoin="round"
                  strokeMiterlimit="10"
                >
                  <circle
                    cx="11.5"
                    cy="12.5"
                    r="11"
                    strokeLinecap="round"
                  />
                  <path
                    d="M8.5 19.5h6M9.5 10.5h2v8.5"
                    strokeLinecap="round"
                  />
                  <path
                    d="M11 6c-.277 0-.5.225-.5.5 0 .277.223.5.5.5.275 0 .5-.223.5-.5 0-.275-.225-.5-.5-.5z"
                  />
                </g>
              </svg>
              <div
                className="content c6"
              >
                <article
                  className="c7"
                >
                  <p
                    className="typo-normal"
                  >
                    Samtalereferat / Telefon
                  </p>
                  <div
                    className="c8"
                  >
                    <p
                      className="typo-etikett-liten"
                    >
                      01.01.1970 01:00
                    </p>
                  </div>
                  <div
                    className="tekstomrade"
                  >
                    Aremark Testfamilien har fått veiledning i bruk av 
                    <a
                      className="lenke"
                      href="https://www.nav.no"
                    >
                      www.nav.no
                    </a>
                  </div>
                </article>
              </div>
            </div>
            <button
              className="knapp knapp--flat"
              disabled={false}
              onClick={[Function]}
              type="submit"
            >
              Send
              <span
                className="sr-only"
              >
                 hurtigreferat 
                Veiledet www.nav.no
              </span>
            </button>
          </div>
        </li>
        <li
          className="c3"
        >
          <h4
            className="typo-element"
          >
            Utbetaling
          </h4>
          <div
            className="c4"
          >
            <div
              className="c5"
              tabIndex={0}
            >
              <svg
                viewBox="0 0 24 24"
                xmlns="http://www.w3.org/2000/svg"
              >
                <g
                  fill="none"
                  stroke="#000"
                  strokeLinejoin="round"
                  strokeMiterlimit="10"
                >
                  <circle
                    cx="11.5"
                    cy="12.5"
                    r="11"
                    strokeLinecap="round"
                  />
                  <path
                    d="M8.5 19.5h6M9.5 10.5h2v8.5"
                    strokeLinecap="round"
                  />
                  <path
                    d="M11 6c-.277 0-.5.225-.5.5 0 .277.223.5.5.5.275 0 .5-.223.5-.5 0-.275-.225-.5-.5-.5z"
                  />
                </g>
              </svg>
              <div
                className="content c6"
              >
                <article
                  className="c7"
                >
                  <p
                    className="typo-normal"
                  >
                    Samtalereferat / Telefon
                  </p>
                  <div
                    className="c8"
                  >
                    <p
                      className="typo-etikett-liten"
                    >
                      01.01.1970 01:00
                    </p>
                  </div>
                  <div
                    className="tekstomrade"
                  >
                    Aremark Testfamilien har fått informasjon om å følge med på 
                    <a
                      className="lenke"
                      href="https://www.nav.no/utbetaling"
                    >
                      www.nav.no/utbetaling
                    </a>
                     for informasjon og status om utbetalingen sin.
                  </div>
                </article>
              </div>
            </div>
            <button
              className="knapp knapp--flat"
              disabled={false}
              onClick={[Function]}
              type="submit"
            >
              Send
              <span
                className="sr-only"
              >
                 hurtigreferat 
                Utbetaling
              </span>
            </button>
          </div>
        </li>
        <li
          className="c3"
        >
          <h4
            className="typo-element"
          >
            Skatt
          </h4>
          <div
            className="c4"
          >
            <div
              className="c5"
              tabIndex={0}
            >
              <svg
                viewBox="0 0 24 24"
                xmlns="http://www.w3.org/2000/svg"
              >
                <g
                  fill="none"
                  stroke="#000"
                  strokeLinejoin="round"
                  strokeMiterlimit="10"
                >
                  <circle
                    cx="11.5"
                    cy="12.5"
                    r="11"
                    strokeLinecap="round"
                  />
                  <path
                    d="M8.5 19.5h6M9.5 10.5h2v8.5"
                    strokeLinecap="round"
                  />
                  <path
                    d="M11 6c-.277 0-.5.225-.5.5 0 .277.223.5.5.5.275 0 .5-.223.5-.5 0-.275-.225-.5-.5-.5z"
                  />
                </g>
              </svg>
              <div
                className="content c6"
              >
                <article
                  className="c7"
                >
                  <p
                    className="typo-normal"
                  >
                    Samtalereferat / Telefon
                  </p>
                  <div
                    className="c8"
                  >
                    <p
                      className="typo-etikett-liten"
                    >
                      01.01.1970 01:00
                    </p>
                  </div>
                  <div
                    className="tekstomrade"
                  >
                    <p
                      className="typo-normal blokk-xs"
                    >
                      Aremark Testfamilien har spørsmål om skattetrekk.
                    </p>
                    <p
                      className="typo-normal blokk-xs"
                    >
                      Du har fått informasjon om at:
                    </p>
                    <p
                      className="typo-normal blokk-xs"
                    >
                      - vi har brukt skattetrekket som vi har fått overført fra skatteetaten
                    </p>
                    <p
                      className="typo-normal blokk-xs"
                    >
                      - hvis du mener skattetrekket er feil må du endre skattekortet selv på 
                      <a
                        className="lenke"
                        href="https://www.skatteetaten.no"
                      >
                        www.skatteetaten.no
                      </a>
                    </p>
                    <p
                      className="typo-normal blokk-xs"
                    >
                      Du har også fått informasjon om at du kan lese mer på 
                      <a
                        className="lenke"
                        href="https://www.nav.no/skatt"
                      >
                        https://www.nav.no/skatt
                      </a>
                    </p>
                  </div>
                </article>
              </div>
            </div>
            <button
              className="knapp knapp--flat"
              disabled={false}
              onClick={[Function]}
              type="submit"
            >
              Send
              <span
                className="sr-only"
              >
                 hurtigreferat 
                Skatt
              </span>
            </button>
          </div>
        </li>
        <li
          className="c3"
        >
          <h4
            className="typo-element"
          >
            Søknad
          </h4>
          <div
            className="c4"
          >
            <div
              className="c5"
              tabIndex={0}
            >
              <svg
                viewBox="0 0 24 24"
                xmlns="http://www.w3.org/2000/svg"
              >
                <g
                  fill="none"
                  stroke="#000"
                  strokeLinejoin="round"
                  strokeMiterlimit="10"
                >
                  <circle
                    cx="11.5"
                    cy="12.5"
                    r="11"
                    strokeLinecap="round"
                  />
                  <path
                    d="M8.5 19.5h6M9.5 10.5h2v8.5"
                    strokeLinecap="round"
                  />
                  <path
                    d="M11 6c-.277 0-.5.225-.5.5 0 .277.223.5.5.5.275 0 .5-.223.5-.5 0-.275-.225-.5-.5-.5z"
                  />
                </g>
              </svg>
              <div
                className="content c6"
              >
                <article
                  className="c7"
                >
                  <p
                    className="typo-normal"
                  >
                    Samtalereferat / Telefon
                  </p>
                  <div
                    className="c8"
                  >
                    <p
                      className="typo-etikett-liten"
                    >
                      01.01.1970 01:00
                    </p>
                  </div>
                  <div
                    className="tekstomrade"
                  >
                    Aremark Testfamilien har fått veiledning i å fylle ut søknad på 
                    <a
                      className="lenke"
                      href="https://www.nav.no"
                    >
                      www.nav.no
                    </a>
                  </div>
                </article>
              </div>
            </div>
            <button
              className="knapp knapp--flat"
              disabled={false}
              onClick={[Function]}
              type="submit"
            >
              Send
              <span
                className="sr-only"
              >
                 hurtigreferat 
                Søknad
              </span>
            </button>
          </div>
        </li>
        <li
          className="c3"
        >
          <h4
            className="typo-element"
          >
            Saksbehandlingstid
          </h4>
          <div
            className="c4"
          >
            <div
              className="c5"
              tabIndex={0}
            >
              <svg
                viewBox="0 0 24 24"
                xmlns="http://www.w3.org/2000/svg"
              >
                <g
                  fill="none"
                  stroke="#000"
                  strokeLinejoin="round"
                  strokeMiterlimit="10"
                >
                  <circle
                    cx="11.5"
                    cy="12.5"
                    r="11"
                    strokeLinecap="round"
                  />
                  <path
                    d="M8.5 19.5h6M9.5 10.5h2v8.5"
                    strokeLinecap="round"
                  />
                  <path
                    d="M11 6c-.277 0-.5.225-.5.5 0 .277.223.5.5.5.275 0 .5-.223.5-.5 0-.275-.225-.5-.5-.5z"
                  />
                </g>
              </svg>
              <div
                className="content c6"
              >
                <article
                  className="c7"
                >
                  <p
                    className="typo-normal"
                  >
                    Samtalereferat / Telefon
                  </p>
                  <div
                    className="c8"
                  >
                    <p
                      className="typo-etikett-liten"
                    >
                      01.01.1970 01:00
                    </p>
                  </div>
                  <div
                    className="tekstomrade"
                  >
                    Aremark Testfamilien har fått informasjon om å følge med på 
                    <a
                      className="lenke"
                      href="https://www.nav.no/saksbehandlingstid"
                    >
                      www.nav.no/saksbehandlingstid
                    </a>
                     for status på behandlingstid på sin søknad.
                  </div>
                </article>
              </div>
            </div>
            <button
              className="knapp knapp--flat"
              disabled={false}
              onClick={[Function]}
              type="submit"
            >
              Send
              <span
                className="sr-only"
              >
                 hurtigreferat 
                Saksbehandlingstid
              </span>
            </button>
          </div>
        </li>
        <li
          className="c3"
        >
          <h4
            className="typo-element"
          >
            Elektronisk innsending
          </h4>
          <div
            className="c4"
          >
            <div
              className="c5"
              tabIndex={0}
            >
              <svg
                viewBox="0 0 24 24"
                xmlns="http://www.w3.org/2000/svg"
              >
                <g
                  fill="none"
                  stroke="#000"
                  strokeLinejoin="round"
                  strokeMiterlimit="10"
                >
                  <circle
                    cx="11.5"
                    cy="12.5"
                    r="11"
                    strokeLinecap="round"
                  />
                  <path
                    d="M8.5 19.5h6M9.5 10.5h2v8.5"
                    strokeLinecap="round"
                  />
                  <path
                    d="M11 6c-.277 0-.5.225-.5.5 0 .277.223.5.5.5.275 0 .5-.223.5-.5 0-.275-.225-.5-.5-.5z"
                  />
                </g>
              </svg>
              <div
                className="content c6"
              >
                <article
                  className="c7"
                >
                  <p
                    className="typo-normal"
                  >
                    Samtalereferat / Telefon
                  </p>
                  <div
                    className="c8"
                  >
                    <p
                      className="typo-etikett-liten"
                    >
                      01.01.1970 01:00
                    </p>
                  </div>
                  <div
                    className="tekstomrade"
                  >
                    Aremark Testfamilien får ikke sendt inn opplysninger til NAV elektronisk. Du er anbefalt å se om du finner løsningen på 
                    <a
                      className="lenke"
                      href="https://www.nav.no/elektroniskinnsending"
                    >
                      www.nav.no/elektroniskinnsending
                    </a>
                  </div>
                </article>
              </div>
            </div>
            <button
              className="knapp knapp--flat"
              disabled={false}
              onClick={[Function]}
              type="submit"
            >
              Send
              <span
                className="sr-only"
              >
                 hurtigreferat 
                Elektronisk innsending
              </span>
            </button>
          </div>
        </li>
        <li
          className="c3"
        >
          <h4
            className="typo-element"
          >
            Vedtak
          </h4>
          <div
            className="c4"
          >
            <div
              className="c5"
              tabIndex={0}
            >
              <svg
                viewBox="0 0 24 24"
                xmlns="http://www.w3.org/2000/svg"
              >
                <g
                  fill="none"
                  stroke="#000"
                  strokeLinejoin="round"
                  strokeMiterlimit="10"
                >
                  <circle
                    cx="11.5"
                    cy="12.5"
                    r="11"
                    strokeLinecap="round"
                  />
                  <path
                    d="M8.5 19.5h6M9.5 10.5h2v8.5"
                    strokeLinecap="round"
                  />
                  <path
                    d="M11 6c-.277 0-.5.225-.5.5 0 .277.223.5.5.5.275 0 .5-.223.5-.5 0-.275-.225-.5-.5-.5z"
                  />
                </g>
              </svg>
              <div
                className="content c6"
              >
                <article
                  className="c7"
                >
                  <p
                    className="typo-normal"
                  >
                    Samtalereferat / Telefon
                  </p>
                  <div
                    className="c8"
                  >
                    <p
                      className="typo-etikett-liten"
                    >
                      01.01.1970 01:00
                    </p>
                  </div>
                  <div
                    className="tekstomrade"
                  >
                    Aremark Testfamilien har fått veiledning om vedtaket sitt.
                  </div>
                </article>
              </div>
            </div>
            <button
              className="knapp knapp--flat"
              disabled={false}
              onClick={[Function]}
              type="submit"
            >
              Send
              <span
                className="sr-only"
              >
                 hurtigreferat 
                Vedtak
              </span>
            </button>
          </div>
        </li>
        <li
          className="c3"
        >
          <h4
            className="typo-element"
          >
            Ubesvart anrop
          </h4>
          <div
            className="c4"
          >
            <div
              className="c5"
              tabIndex={0}
            >
              <svg
                viewBox="0 0 24 24"
                xmlns="http://www.w3.org/2000/svg"
              >
                <g
                  fill="none"
                  stroke="#000"
                  strokeLinejoin="round"
                  strokeMiterlimit="10"
                >
                  <circle
                    cx="11.5"
                    cy="12.5"
                    r="11"
                    strokeLinecap="round"
                  />
                  <path
                    d="M8.5 19.5h6M9.5 10.5h2v8.5"
                    strokeLinecap="round"
                  />
                  <path
                    d="M11 6c-.277 0-.5.225-.5.5 0 .277.223.5.5.5.275 0 .5-.223.5-.5 0-.275-.225-.5-.5-.5z"
                  />
                </g>
              </svg>
              <div
                className="content c6"
              >
                <article
                  className="c7"
                >
                  <p
                    className="typo-normal"
                  >
                    Samtalereferat / Telefon
                  </p>
                  <div
                    className="c8"
                  >
                    <p
                      className="typo-etikett-liten"
                    >
                      01.01.1970 01:00
                    </p>
                  </div>
                  <div
                    className="tekstomrade"
                  >
                    Aremark Testfamilien har et ubesvart anrop fra NAV. Du blir kontaktet på nytt dersom NAV ønsker å gi eller innhente informasjon fra deg.
                  </div>
                </article>
              </div>
            </div>
            <button
              className="knapp knapp--flat"
              disabled={false}
              onClick={[Function]}
              type="submit"
            >
              Send
              <span
                className="sr-only"
              >
                 hurtigreferat 
                Ubesvart anrop
              </span>
            </button>
          </div>
        </li>
        <li
          className="c3"
        >
          <h4
            className="typo-element"
          >
            Tekniske problemer
          </h4>
          <div
            className="c4"
          >
            <div
              className="c5"
              tabIndex={0}
            >
              <svg
                viewBox="0 0 24 24"
                xmlns="http://www.w3.org/2000/svg"
              >
                <g
                  fill="none"
                  stroke="#000"
                  strokeLinejoin="round"
                  strokeMiterlimit="10"
                >
                  <circle
                    cx="11.5"
                    cy="12.5"
                    r="11"
                    strokeLinecap="round"
                  />
                  <path
                    d="M8.5 19.5h6M9.5 10.5h2v8.5"
                    strokeLinecap="round"
                  />
                  <path
                    d="M11 6c-.277 0-.5.225-.5.5 0 .277.223.5.5.5.275 0 .5-.223.5-.5 0-.275-.225-.5-.5-.5z"
                  />
                </g>
              </svg>
              <div
                className="content c6"
              >
                <article
                  className="c7"
                >
                  <p
                    className="typo-normal"
                  >
                    Samtalereferat / Telefon
                  </p>
                  <div
                    className="c8"
                  >
                    <p
                      className="typo-etikett-liten"
                    >
                      01.01.1970 01:00
                    </p>
                  </div>
                  <div
                    className="tekstomrade"
                  >
                    Aremark Testfamilien har opplevd tekniske problemer med nav.no, og har fått veiledning på hvordan dette kan løses. Problemet er nå løst.
                  </div>
                </article>
              </div>
            </div>
            <button
              className="knapp knapp--flat"
              disabled={false}
              onClick={[Function]}
              type="submit"
            >
              Send
              <span
                className="sr-only"
              >
                 hurtigreferat 
                Tekniske problemer
              </span>
            </button>
          </div>
        </li>
      </ul>
    </article>
  </div>
</article>
`;
