// Jest Snapshot v1, https://goo.gl/fbAQLP

exports[`viser fortsett dialog 1`] = `
.c5 {
  width: 100%;
  padding-right: 1rem;
}

.c6 {
  display: -webkit-box;
  display: -webkit-flex;
  display: -ms-flexbox;
  display: flex;
  -webkit-box-pack: justify;
  -webkit-justify-content: space-between;
  -ms-flex-pack: justify;
  justify-content: space-between;
}

.c7 {
  padding: 1rem;
  overflow-wrap: break-word;
}

.c4 {
  border-top: 0.1rem rgba(0,0,0,0.2) solid;
}

.c4.ekspanderbartPanel {
  border-radius: 0;
}

.c8 {
  border-top: 0.1rem rgba(0,0,0,0.2) solid;
}

.c2 .ekspanderbartPanel__innhold {
  padding: 0;
}

.c2 .ekspanderbartPanel__hode:hover {
  box-shadow: inset 0 0 0 0.1rem #0067c5,0 0.1rem 0.1rem rgba(0,0,0,0.2);
}

.c2 > *:not(:first-child) {
  margin-top: 1rem;
}

.c2 > * {
  border: solid 0.0625rem #78706a;
}

.c3 {
  overflow: hidden;
}

.c1 {
  display: -webkit-box;
  display: -webkit-flex;
  display: -ms-flexbox;
  display: flex;
  margin-top: 1rem;
  -webkit-flex-direction: column;
  -ms-flex-direction: column;
  flex-direction: column;
  -webkit-align-items: stretch;
  -webkit-box-align: stretch;
  -ms-flex-align: stretch;
  align-items: stretch;
}

.c1 .skjemaelement {
  margin-bottom: 0;
}

.c1 > * {
  margin-bottom: 1rem;
}

.c13 {
  display: -webkit-box;
  display: -webkit-flex;
  display: -ms-flexbox;
  display: flex;
  -webkit-box-pack: start;
  -webkit-justify-content: flex-start;
  -ms-flex-pack: start;
  justify-content: flex-start;
  -webkit-flex-wrap: wrap;
  -ms-flex-wrap: wrap;
  flex-wrap: wrap;
}

.c13 > * {
  margin-top: 0.3rem;
}

.c13 > *:not(:last-child) {
  margin-right: 1rem;
}

.c10 {
  position: absolute;
  height: 2rem;
  width: 2rem;
  border-bottom-right-radius: 50%;
  padding: 0;
  background-color: #0067c5;
  border: none;
  z-index: 10;
  -webkit-transform: none;
  -ms-transform: none;
  transform: none;
}

.c10:after {
  background: none;
}

.c10:hover {
  -webkit-transform: none;
  -ms-transform: none;
  transform: none;
}

.c11 {
  position: relative;
  top: 2px;
  width: 18px;
}

.c9 {
  position: relative;
}

.c9 textarea {
  min-height: 9rem;
}

.c9 label {
  position: absolute !important;
  height: 1px;
  width: 1px;
  overflow: hidden;
  -webkit-clip: rect(1px 1px 1px 1px);
  clip: rect(1px 1px 1px 1px);
  -webkit-clip: rect(1px,1px,1px,1px);
  clip: rect(1px,1px,1px,1px);
}

.c12 textarea,
.c12 .textareamirror {
  padding-left: 2.25rem;
}

.c16 label {
  position: absolute !important;
  height: 1px;
  width: 1px;
  overflow: hidden;
  -webkit-clip: rect(1px 1px 1px 1px);
  clip: rect(1px 1px 1px 1px);
  -webkit-clip: rect(1px,1px,1px,1px);
  clip: rect(1px,1px,1px,1px);
}

.c15 {
  margin-top: 1rem;
}

.c15 label {
  position: absolute !important;
  height: 1px;
  width: 1px;
  overflow: hidden;
  -webkit-clip: rect(1px 1px 1px 1px);
  clip: rect(1px 1px 1px 1px);
  -webkit-clip: rect(1px,1px,1px,1px);
  clip: rect(1px,1px,1px,1px);
}

.c14 > *:not(:first-child) {
  margin-top: 1rem;
}

.c0 {
  padding: 1rem .8rem;
}

.c17 {
  margin-top: 1rem;
}

.c18 {
  width: 100%;
}

<article
  className="c0"
>
  <h2
    className="typo-undertittel"
  >
    Fortsett dialog
  </h2>
  <form
    className="c1"
    onSubmit={[Function]}
  >
    <div
      className="c2"
    >
      <div
        className="ekspanderbartPanel c3 ekspanderbartPanel--apen"
      >
        <button
          aria-controls="Helt tilfeldig ID"
          aria-expanded={true}
          className="ekspanderbartPanel__hode"
          onClick={[Function]}
          onKeyDown={[Function]}
          type="button"
        >
          <div
            className="ekspanderbartPanel__flex-wrapper"
          >
            <p
              className="typo-ingress"
            >
              Vis tidligere meldinger
            </p>
            <span
              className="ekspanderbartPanel__indikator"
            />
          </div>
        </button>
        <article
          className="ekspanderbartPanel__innhold"
        >
          <div
            className="ekspanderbartPanel c4 ekspanderbartPanel--lukket"
            erEnkeltstaende={false}
          >
            <button
              aria-expanded={false}
              className="ekspanderbartPanel__hode"
              onClick={[Function]}
              onKeyDown={[Function]}
              type="button"
            >
              <div
                className="ekspanderbartPanel__flex-wrapper"
              >
                <div
                  className="c5"
                >
                  <p
                    className="typo-undertekst"
                  >
                    07. juli 2019 00:00
                  </p>
                  <p
                    className="typo-undertekst"
                  >
                    Skrevet av 
                    Sander Hansen (nzxo4q)
                  </p>
                  <div
                    className="c6"
                  >
                    <p
                      className="typo-ingress"
                    >
                      Samtalereferat oppmøte
                    </p>
                    <p
                      className="typo-undertekst-bold"
                    >
                      Arbeid
                    </p>
                  </div>
                </div>
                <span
                  className="ekspanderbartPanel__indikator"
                />
              </div>
            </button>
            <article
              className="ekspanderbartPanel__innhold"
            >
              <div
                className="tekstomrade c7"
              >
                Ea laborum accusamus et ex voluptates provident eveniet voluptatem. Sunt et sed eligendi harum exercitationem. Eaque est maiores autem sunt occaecati atque ipsa ea itaque. Dolorum enim quaerat alias ut sit labore pariatur.
              </div>
            </article>
          </div>
          <div
            className="ekspanderbartPanel c4 ekspanderbartPanel--lukket"
            erEnkeltstaende={false}
          >
            <button
              aria-expanded={false}
              className="ekspanderbartPanel__hode"
              onClick={[Function]}
              onKeyDown={[Function]}
              type="button"
            >
              <div
                className="ekspanderbartPanel__flex-wrapper"
              >
                <div
                  className="c5"
                >
                  <p
                    className="typo-undertekst"
                  >
                    16. juli 2019 00:00
                  </p>
                  <div
                    className="c6"
                  >
                    <p
                      className="typo-ingress"
                    >
                      Spørsmål fra bruker
                    </p>
                    <p
                      className="typo-undertekst-bold"
                    >
                      Arbeid
                    </p>
                  </div>
                </div>
                <span
                  className="ekspanderbartPanel__indikator"
                />
              </div>
            </button>
            <article
              className="ekspanderbartPanel__innhold"
            >
              <div
                className="tekstomrade c7"
              >
                Quo magni eaque et libero minima ipsum amet et dolorem. Sed iusto ratione sit. Voluptate alias qui impedit ut dolorum doloribus qui. Qui beatae rerum minima suscipit.
              </div>
            </article>
          </div>
          <div
            className="ekspanderbartPanel c4 ekspanderbartPanel--lukket"
            erEnkeltstaende={false}
          >
            <button
              aria-expanded={false}
              className="ekspanderbartPanel__hode"
              onClick={[Function]}
              onKeyDown={[Function]}
              type="button"
            >
              <div
                className="ekspanderbartPanel__flex-wrapper"
              >
                <div
                  className="c5"
                >
                  <p
                    className="typo-undertekst"
                  >
                    12. juli 2019 00:00
                  </p>
                  <div
                    className="c6"
                  >
                    <p
                      className="typo-ingress"
                    >
                      Spørsmål fra bruker
                    </p>
                    <p
                      className="typo-undertekst-bold"
                    >
                      Arbeid
                    </p>
                  </div>
                </div>
                <span
                  className="ekspanderbartPanel__indikator"
                />
              </div>
            </button>
            <article
              className="ekspanderbartPanel__innhold"
            >
              <div
                className="tekstomrade c7"
              >
                Animi qui molestiae omnis reiciendis quam in. Provident magnam dolor. Omnis voluptatem placeat labore in ut aliquam perspiciatis fugiat. Perspiciatis voluptatum odit.
              </div>
            </article>
          </div>
        </article>
      </div>
      <div
        className="ekspanderbartPanel c8 ekspanderbartPanel--apen"
        erEnkeltstaende={true}
      >
        <button
          aria-controls="Helt tilfeldig ID"
          aria-expanded={true}
          className="ekspanderbartPanel__hode"
          onClick={[Function]}
          onKeyDown={[Function]}
          type="button"
        >
          <div
            className="ekspanderbartPanel__flex-wrapper"
          >
            <div
              className="c5"
            >
              <p
                className="typo-undertekst"
              >
                27. juli 2019 00:00
              </p>
              <p
                className="typo-undertekst"
              >
                Skrevet av 
                Kristoffer Fredriksen (xy70r8)
              </p>
              <div
                className="c6"
              >
                <p
                  className="typo-ingress"
                >
                  Delsvar
                </p>
                <p
                  className="typo-undertekst-bold"
                >
                  Arbeid
                </p>
              </div>
            </div>
            <span
              className="ekspanderbartPanel__indikator"
            />
          </div>
        </button>
        <article
          className="ekspanderbartPanel__innhold"
        >
          <div
            className="tekstomrade c7"
          >
            Dolores omnis ea voluptatem corrupti odit incidunt enim. Unde fugiat sed animi explicabo maiores. Nihil cum accusamus omnis officiis deserunt est. Qui quisquam unde aut magni dignissimos.
          </div>
        </article>
      </div>
    </div>
    <div
      className="c9"
    >
      <button
        className="knapp c10 knapp--hoved"
        disabled={false}
        onClick={[Function]}
        type="button"
      >
        <svg
          className="c11"
          height="24px"
          preserveAspectRatio="xMidYMid meet"
          viewBox="0 0 24 24"
          width="24px"
          x="0px"
          xmlns="http://www.w3.org/2000/svg"
          y="0px"
        >
          <path
            d="M20.854,6.146l-6-6C14.76,0.053,14.632,0,14.5,0h-11C3.224,0,3,0.224,3,0.5v23C3,23.776,3.224,24,3.5,24h17  c0.276,0,0.5-0.224,0.5-0.5v-17C21,6.367,20.947,6.24,20.854,6.146z M7.5,7H12c0.276,0,0.5,0.224,0.5,0.5S12.276,8,12,8H7.5  C7.224,8,7,7.776,7,7.5S7.224,7,7.5,7z M16.5,20h-9C7.224,20,7,19.776,7,19.5S7.224,19,7.5,19h9c0.276,0,0.5,0.224,0.5,0.5  S16.776,20,16.5,20z M16.5,17h-9C7.224,17,7,16.776,7,16.5S7.224,16,7.5,16h9c0.276,0,0.5,0.224,0.5,0.5S16.776,17,16.5,17z   M16.5,14h-9C7.224,14,7,13.776,7,13.5S7.224,13,7.5,13h9c0.276,0,0.5,0.224,0.5,0.5S16.776,14,16.5,14z M16.5,11h-9  C7.224,11,7,10.776,7,10.5S7.224,10,7.5,10h9c0.276,0,0.5,0.224,0.5,0.5S16.776,11,16.5,11z M14.5,6.5v-6l6,6H14.5z"
            fill="currentColor"
          />
        </svg>
        <span
          className="sr-only"
        >
          Standardtekster
        </span>
      </button>
      <div
        className="c12"
      >
        <div
          className="skjemaelement textarea__container"
        >
          <label
            className="skjemaelement__label"
            htmlFor="Helt tilfeldig ID"
          >
            Melding
          </label>
          <div
            className="textarea--medMeta__wrapper"
          >
            <textarea
              className="skjemaelement__input textarea--medMeta"
              id="Helt tilfeldig ID"
              onChange={[Function]}
              placeholder="Alt du skriver i denne boksen blir synlig for Aremark når du trykker \\"Del med Aremark\\""
              style={
                Object {
                  "height": "30px",
                }
              }
              type="text"
              value=""
            />
            <p
              className="textarea--medMeta__teller"
            >
              <span
                aria-live="polite"
                className="teller-tekst"
              >
                Du har 5000 tegn igjen
              </span>
            </p>
          </div>
          <div
            aria-live="assertive"
            role="alert"
          />
          <div
            aria-hidden="true"
            className="textareamirror"
          />
        </div>
      </div>
      <div
        aria-live="assertive"
        role="alert"
      />
    </div>
    <div
      className="c13"
    >
      <div
        className="skjemaelement skjemaelement--horisontal"
      >
        <input
          checked={true}
          className="skjemaelement__input radioknapp"
          id="Helt tilfeldig ID"
          name="dialogtype"
          onChange={[Function]}
          type="radio"
        />
        <label
          className="skjemaelement__label"
          htmlFor="Helt tilfeldig ID"
        >
          Svar
        </label>
      </div>
      <div
        className="skjemaelement skjemaelement--horisontal"
      >
        <input
          checked={false}
          className="skjemaelement__input radioknapp"
          id="Helt tilfeldig ID"
          name="dialogtype"
          onChange={[Function]}
          type="radio"
        />
        <label
          className="skjemaelement__label"
          htmlFor="Helt tilfeldig ID"
        >
          Delvis svar
        </label>
      </div>
    </div>
    <div
      className=""
    >
      <div
        className="alertstripe alertstripe--info"
      >
        <span
          aria-label="info"
          className="alertstripe__ikon"
        >
          <svg
            focusable="false"
            height="1.5em"
            kind="info-sirkel-fyll"
            viewBox="0 0 24 24"
            width="1.5em"
          >
            <g
              fill="none"
            >
              <path
                d="M12 0C5.382 0 0 5.382 0 12s5.382 12 12 12c6.617 0 12-5.382 12-12S18.617 0 12 0z"
                fill="#669DB4"
              />
              <path
                d="M12 5a1.566 1.566 0 1 1 .11 3.13A1.566 1.566 0 0 1 12 5zm2.976 12.01c.563 0 1.043.431 1.043.991s-.48.992-1.043.992H9.39c-.564 0-1.043-.431-1.043-.992 0-.56.479-.99 1.043-.99h1.6v-5.016h-.986c-.565 0-1.044-.43-1.044-.991 0-.56.48-.991 1.044-.991h2.03c.563 0 1.043.43 1.043.99v6.007h1.899z"
                fill="#FFF"
              />
            </g>
          </svg>
        </span>
        <div
          className="typo-normal alertstripe__tekst"
        >
          Bruker kan ikke svare
        </div>
      </div>
      <div
        className="c14"
      >
        <div
          className="alertstripe alertstripe--info"
        >
          <span
            aria-label="info"
            className="alertstripe__ikon"
          >
            <svg
              focusable="false"
              height="1.5em"
              kind="info-sirkel-fyll"
              viewBox="0 0 24 24"
              width="1.5em"
            >
              <g
                fill="none"
              >
                <path
                  d="M12 0C5.382 0 0 5.382 0 12s5.382 12 12 12c6.617 0 12-5.382 12-12S18.617 0 12 0z"
                  fill="#669DB4"
                />
                <path
                  d="M12 5a1.566 1.566 0 1 1 .11 3.13A1.566 1.566 0 0 1 12 5zm2.976 12.01c.563 0 1.043.431 1.043.991s-.48.992-1.043.992H9.39c-.564 0-1.043-.431-1.043-.992 0-.56.479-.99 1.043-.99h1.6v-5.016h-.986c-.565 0-1.044-.43-1.044-.991 0-.56.48-.991 1.044-.991h2.03c.563 0 1.043.43 1.043.99v6.007h1.899z"
                  fill="#FFF"
                />
              </g>
            </svg>
          </span>
          <div
            className="typo-normal alertstripe__tekst"
          >
            Bruker kan svare
          </div>
        </div>
        <div
          className="skjemaelement c15"
        >
          <label
            className="skjemaelement__label"
            htmlFor="Helt tilfeldig ID"
          >
            Oppgaveliste
          </label>
          <div
            className="selectContainer input--fullbredde"
          >
            <select
              className="skjemaelement__input"
              disabled={false}
              id="Helt tilfeldig ID"
              onChange={[Function]}
              value="MinListe"
            >
              <option
                value="MinListe"
              >
                Svar skal til min oppgaveliste
              </option>
              <option
                value="Enhetensliste"
              >
                Svar skal til 
                 sin oppgaveliste
              </option>
            </select>
          </div>
          <div
            aria-live="assertive"
            role="alert"
          />
        </div>
      </div>
      <div
        className=""
      >
        <div
          className="skjemaelement c16"
        >
          <label
            className="skjemaelement__label"
            htmlFor="Helt tilfeldig ID"
          >
            Tema
          </label>
          <div
            className="selectContainer input--fullbredde"
          >
            <select
              className="skjemaelement__input"
              disabled={false}
              id="Helt tilfeldig ID"
              onChange={[Function]}
              value=""
            >
              <option
                disabled={true}
                value=""
              >
                Velg temagruppe
              </option>
              <option
                value="FMLI"
              >
                Familie
              </option>
              <option
                value="HJLPM"
              >
                Hjelpemidler
              </option>
              <option
                value="BIL"
              >
                Hjelpemidler bil
              </option>
              <option
                value="ORT_HJE"
              >
                Ortopediske hjelpemidler
              </option>
              <option
                value="PENS"
              >
                Pensjon
              </option>
              <option
                value="PLEIEPENGERSY"
              >
                Pleiepenger sykt barn
              </option>
              <option
                value="UFRT"
              >
                Uføretrygd
              </option>
              <option
                value="UTLAND"
              >
                Utland
              </option>
            </select>
          </div>
          <div
            aria-live="assertive"
            role="alert"
          />
        </div>
        <div
          aria-live="assertive"
          role="alert"
        />
      </div>
    </div>
    <button
      className="knapp c17 knapp--hoved"
      disabled={false}
      type="submit"
    >
      Del med Aremark
    </button>
    <button
      className="knapp c18 knapp--flat"
      disabled={false}
      onClick={[Function]}
      type="reset"
    >
      Avbryt
    </button>
  </form>
</article>
`;
