// Jest Snapshot v1, https://goo.gl/fbAQLP

exports[`Viser form for endre kontaktinformasjon 1`] = `
.c6 {
  color: #78706a;
  margin-top: 3px;
}

.c6 .typo-etikett-liten {
  line-height: 1rem;
}

.c4 {
  margin-right: 2em;
}

.c5 {
  -webkit-flex: auto;
  -ms-flex: auto;
  flex: auto;
}

.c3 {
  display: -webkit-box;
  display: -webkit-flex;
  display: -ms-flexbox;
  display: flex;
}

.c7 {
  display: -webkit-box;
  display: -webkit-flex;
  display: -ms-flexbox;
  display: flex;
  -webkit-flex-wrap: wrap;
  -ms-flex-wrap: wrap;
  flex-wrap: wrap;
  -webkit-box-pack: end;
  -webkit-justify-content: flex-end;
  -ms-flex-pack: end;
  justify-content: flex-end;
}

.c7 > * {
  margin: 0.5rem 0 0.5rem 1em;
}

.c1 {
  margin-top: 1em;
}

.c2 {
  margin-bottom: 1em;
}

.c0 {
  margin-top: 2em;
}

<div>
  <h2
    className="typo-undertittel"
  >
    Kontaktinformasjon
  </h2>
  <div
    className="c0"
  >
    <form
      onSubmit={[Function]}
    >
      <p
        className="typo-undertekst-bold"
      >
        Telefonnummer bruker ønsker å bli oppringt på
      </p>
      <div
        className="c1"
      >
        <div
          className="c2"
        >
          <p
            className="typo-ingress"
          >
            Mobiltelefon
          </p>
          <div
            className="c3"
          >
            <div
              className="c4"
            >
              <div
                className="skjemaelement"
              >
                <label
                  className="skjemaelement__label"
                  htmlFor="Helt tilfeldig ID"
                >
                  Landkode
                </label>
                <div
                  className="selectContainer input--m"
                >
                  <select
                    className="skjemaelement__input"
                    disabled={false}
                    id="Helt tilfeldig ID"
                    onChange={[Function]}
                    value="+47"
                  >
                    <option
                      disabled={true}
                      value=""
                    >
                      Velg retningsnummer
                    </option>
                    <option
                      value="+47"
                    >
                      Norge
                       (
                      +47
                      )
                    </option>
                    <option
                      value="+54"
                    >
                      Argentina
                       (
                      +54
                      )
                    </option>
                    <option
                      value="+44"
                    >
                      Storbritannia (UK)
                       (
                      +44
                      )
                    </option>
                    <option
                      value="+46"
                    >
                      Sverige
                       (
                      +46
                      )
                    </option>
                  </select>
                </div>
                <div
                  aria-live="assertive"
                  role="alert"
                />
              </div>
            </div>
            <div
              className="c5"
            >
              <div
                className="skjemaelement"
              >
                <label
                  className="skjemaelement__label"
                  htmlFor="Helt tilfeldig ID"
                >
                  Telefonnummer
                </label>
                <input
                  className="skjemaelement__input input--xxl"
                  id="Helt tilfeldig ID"
                  onChange={[Function]}
                  onKeyPress={[Function]}
                  type="text"
                  value="998 87 766"
                />
                <div
                  aria-live="assertive"
                  role="alert"
                />
              </div>
            </div>
          </div>
          <div
            className="c6"
          >
            <p
              className="typo-etikett-liten"
            >
              Endret 
              21.06.2014
               
              av bruker
            </p>
          </div>
        </div>
        <div
          className="c2"
        >
          <p
            className="typo-ingress"
          >
            Hjemmenummer
          </p>
          <div
            className="c3"
          >
            <div
              className="c4"
            >
              <div
                className="skjemaelement"
              >
                <label
                  className="skjemaelement__label"
                  htmlFor="Helt tilfeldig ID"
                >
                  Landkode
                </label>
                <div
                  className="selectContainer input--m"
                >
                  <select
                    className="skjemaelement__input"
                    disabled={false}
                    id="Helt tilfeldig ID"
                    onChange={[Function]}
                    value=""
                  >
                    <option
                      disabled={true}
                      value=""
                    >
                      Velg retningsnummer
                    </option>
                    <option
                      value="+47"
                    >
                      Norge
                       (
                      +47
                      )
                    </option>
                    <option
                      value="+54"
                    >
                      Argentina
                       (
                      +54
                      )
                    </option>
                    <option
                      value="+44"
                    >
                      Storbritannia (UK)
                       (
                      +44
                      )
                    </option>
                    <option
                      value="+46"
                    >
                      Sverige
                       (
                      +46
                      )
                    </option>
                  </select>
                </div>
                <div
                  aria-live="assertive"
                  role="alert"
                />
              </div>
            </div>
            <div
              className="c5"
            >
              <div
                className="skjemaelement"
              >
                <label
                  className="skjemaelement__label"
                  htmlFor="Helt tilfeldig ID"
                >
                  Telefonnummer
                </label>
                <input
                  className="skjemaelement__input input--xxl"
                  id="Helt tilfeldig ID"
                  onChange={[Function]}
                  onKeyPress={[Function]}
                  type="text"
                  value=""
                />
                <div
                  aria-live="assertive"
                  role="alert"
                />
              </div>
            </div>
          </div>
        </div>
        <p
          className="typo-ingress"
        >
          Jobbnummer
        </p>
        <div
          className="c3"
        >
          <div
            className="c4"
          >
            <div
              className="skjemaelement"
            >
              <label
                className="skjemaelement__label"
                htmlFor="Helt tilfeldig ID"
              >
                Landkode
              </label>
              <div
                className="selectContainer input--m"
              >
                <select
                  className="skjemaelement__input"
                  disabled={false}
                  id="Helt tilfeldig ID"
                  onChange={[Function]}
                  value=""
                >
                  <option
                    disabled={true}
                    value=""
                  >
                    Velg retningsnummer
                  </option>
                  <option
                    value="+47"
                  >
                    Norge
                     (
                    +47
                    )
                  </option>
                  <option
                    value="+54"
                  >
                    Argentina
                     (
                    +54
                    )
                  </option>
                  <option
                    value="+44"
                  >
                    Storbritannia (UK)
                     (
                    +44
                    )
                  </option>
                  <option
                    value="+46"
                  >
                    Sverige
                     (
                    +46
                    )
                  </option>
                </select>
              </div>
              <div
                aria-live="assertive"
                role="alert"
              />
            </div>
          </div>
          <div
            className="c5"
          >
            <div
              className="skjemaelement"
            >
              <label
                className="skjemaelement__label"
                htmlFor="Helt tilfeldig ID"
              >
                Telefonnummer
              </label>
              <input
                className="skjemaelement__input input--xxl"
                id="Helt tilfeldig ID"
                onChange={[Function]}
                onKeyPress={[Function]}
                type="text"
                value=""
              />
              <div
                aria-live="assertive"
                role="alert"
              />
            </div>
          </div>
        </div>
      </div>
      <div
        className="c7"
      >
        <button
          className="knapp knapp--standard knapp--disabled"
          disabled={true}
          onClick={[Function]}
          type="submit"
        >
          Avbryt
        </button>
        <button
          className="knapp knapp--hoved knapp--disabled"
          disabled={true}
          type="submit"
        >
          Endre telefonnummer
        </button>
      </div>
    </form>
  </div>
</div>
`;
