// Jest Snapshot v1, https://goo.gl/fbAQLP

exports[`Foreldrepengeperiode matcher snapshot 1`] = `
.c3 {
  display: -webkit-box;
  display: -webkit-flex;
  display: -ms-flexbox;
  display: flex;
  -webkit-flex-wrap: wrap;
  -ms-flex-wrap: wrap;
  flex-wrap: wrap;
}

.c3 dt {
  color: #645f5a;
}

.c3 dd {
  font-weight: bold;
  margin-top: 0.3rem;
}

.c3 > div {
  margin: 0.9375rem 0;
  padding-right: 1rem;
  width: 13rem;
  overflow-wrap: break-word;
}

.c0 > *:first-child {
  background-color: #cce1f3;
  padding: 0.5rem 1.25rem;
}

.c0 ol {
  padding: 0;
  margin: 0;
}

.c5 {
  overflow: auto;
  box-shadow: 0 0 0 0.07rem rgba(0,0,0,0.25);
  border-radius: .25rem;
  background-color: white;
}

.c5 table {
  text-align: left;
  width: 100%;
}

.c5 table thead {
  border-bottom: 0.2rem solid rgba(0,0,0,0.15);
  font-weight: bold;
}

.c5 table th,
.c5 table td {
  padding: 0.7rem;
  vertical-align: middle;
}

.c5 table th {
  padding-bottom: 0.7rem;
}

.c5 table tr:nth-child(even) {
  background-color: rgba(0,0,0,0.1);
}

.c4 {
  border-radius: 0.5rem;
  background-color: #f1f0f0;
  box-shadow: inset 0 0 0 0.3rem white,inset 0 0 0 0.37rem rgba(0,0,0,0.15);
  padding: 1.25rem;
  white-space: nowrap;
}

.c4 > *:not(:last-child) {
  margin-bottom: 1rem;
}

.c2 {
  border-radius: 0.5rem;
  background-color: #f1f0f0;
  box-shadow: inset 0 0 0 0.3rem white,inset 0 0 0 0.37rem rgba(0,0,0,0.15);
  padding: 1.25rem;
}

.c6 {
  border-radius: 0.5rem;
  background-color: #f1f0f0;
  box-shadow: inset 0 0 0 0.3rem white,inset 0 0 0 0.37rem rgba(0,0,0,0.15);
  padding: 1.25rem;
}

.c6 > *:not(:last-child) {
  margin-bottom: 1rem;
}

.c1 {
  padding: .8rem;
}

<li
  className="c0"
>
  <h3
    className="typo-undertittel"
  >
    Periode 1 - 29.04.2017
  </h3>
  <article
    className="c1"
  >
    <div
      className="c2"
    >
      <h2
        className="typo-undertittel"
      >
        Om foreldrepengeperioden
      </h2>
      <dl
        className="c3"
      >
        <div>
          <dt
            className="typo-normal"
          >
            Arbeidsprosent mor
          </dt>
          <dd
            className="typo-normal"
          >
            58%
          </dd>
        </div>
        <div>
          <dt
            className="typo-normal"
          >
            Mors situasjon
          </dt>
          <dd
            className="typo-normal"
          >
            nobis sit quo et quis
          </dd>
        </div>
        <div>
          <dt
            className="typo-normal"
          >
            Disponibel gradering
          </dt>
          <dd
            className="typo-normal"
          >
            9%
          </dd>
        </div>
        <div>
          <dt
            className="typo-normal"
          >
            Forskyvelsesperiode
          </dt>
          <dd
            className="typo-normal"
          >
            08.10.2014 - 22.08.2014
          </dd>
        </div>
        <div>
          <dt
            className="typo-normal"
          >
            Andre forskyvelsesperiode
          </dt>
          <dd
            className="typo-normal"
          >
            09.12.2014 - 26.08.2014
          </dd>
        </div>
        <div>
          <dt
            className="typo-normal"
          >
            Midlertidig stans
          </dt>
          <dd
            className="typo-normal"
          >
            2019-02-10
          </dd>
        </div>
        <div>
          <dt
            className="typo-normal"
          >
            Stansårsak
          </dt>
          <dd
            className="typo-normal"
          >
            Avsluttet
          </dd>
        </div>
        <div>
          <dt
            className="typo-normal"
          >
            Avslått
          </dt>
          <dd
            className="typo-normal"
          >
            Avslått
          </dd>
        </div>
        <div>
          <dt
            className="typo-normal"
          >
            Mødrekvote
          </dt>
          <dd
            className="typo-normal"
          >
            —
          </dd>
        </div>
        <div>
          <dt
            className="typo-normal"
          >
            Rett til Mødrekvote
          </dt>
          <dd
            className="typo-normal"
          >
            Ingen rett til mødrekvote
          </dd>
        </div>
        <div>
          <dt
            className="typo-normal"
          >
            Aleneomsorg Mor
          </dt>
          <dd
            className="typo-normal"
          >
            —
          </dd>
        </div>
        <div>
          <dt
            className="typo-normal"
          >
            Fedrekvote
          </dt>
          <dd
            className="typo-normal"
          >
            —
          </dd>
        </div>
        <div>
          <dt
            className="typo-normal"
          >
            Rett til Fedrekvote
          </dt>
          <dd
            className="typo-normal"
          >
            Rett til fedrekvote
          </dd>
        </div>
        <div>
          <dt
            className="typo-normal"
          >
            Aleneomsorg Far
          </dt>
          <dd
            className="typo-normal"
          >
            —
          </dd>
        </div>
      </dl>
    </div>
    <section
      className="c4"
    >
      <h4
        className="typo-undertittel"
      >
        Kommende utbetalinger
      </h4>
      <div
        className="typo-normal c5"
      >
        <table
          role="table"
        >
          <thead
            role="rowgroup"
          >
            <tr
              role="row"
            >
              <th
                role="columnheader"
              >
                Utb.dato
              </th>
              <th
                role="columnheader"
              >
                Type
              </th>
              <th
                role="columnheader"
              >
                Periode
              </th>
              <th
                role="columnheader"
              >
                Utb.grad
              </th>
              <th
                role="columnheader"
              >
                Dagsats
              </th>
              <th
                role="columnheader"
              >
                Bruttobeløp
              </th>
              <th
                role="columnheader"
              >
                Arb.giver
              </th>
              <th
                role="columnheader"
              >
                Org.nummer
              </th>
            </tr>
          </thead>
          <tbody
            role="rowgroup"
          >
            <tr
              role="row"
            >
              <td
                role="cell"
              >
                25.06.2018
              </td>
              <td
                role="cell"
              >
                KONTOØVERFØRING
              </td>
              <td
                role="cell"
              >
                14.01.2018 - 15.07.2017
              </td>
              <td
                role="cell"
              >
                79%
              </td>
              <td
                role="cell"
              >
                705.00 NOK
              </td>
              <td
                role="cell"
              >
                466.00 NOK
              </td>
              <td
                role="cell"
              >
                Vedvik - Lunde
              </td>
              <td
                role="cell"
              >
                1234567890
              </td>
            </tr>
          </tbody>
        </table>
      </div>
    </section>
    <section
      className="c6"
    >
      <h4
        className="typo-undertittel"
      >
        Utførte utbetalinger
      </h4>
    </section>
  </article>
</li>
`;
