// Jest Snapshot v1, https://goo.gl/fbAQLP

exports[`Foreldrepengeperiode matcher snapshot 1`] = `
.c4 {
  display: -webkit-box;
  display: -webkit-flex;
  display: -ms-flexbox;
  display: flex;
  -webkit-flex-wrap: wrap;
  -ms-flex-wrap: wrap;
  flex-wrap: wrap;
}

.c4 dt {
  color: #645f5a;
}

.c4 > div {
  margin: 0.5625rem 0;
  padding-right: 0.7rem;
  width: 13rem;
  overflow-wrap: break-word;
}

.c12 {
  overflow: auto;
  box-shadow: 0 0 0 0.07rem rgba(0,0,0,0.25);
  border-radius: .25rem;
  background-color: white;
}

.c12 [role='table'] {
  text-align: left;
  width: 100%;
}

.c12 [role='table'] thead,
.c12 [role='table'] .thead[role='rowgroup'] {
  border-bottom: 0.2rem solid rgba(0,0,0,0.15);
  font-weight: 600;
}

.c12 [role='table'] [role='cell'],
.c12 [role='table'] [role='columnheader'] {
  padding: 0.7rem;
  vertical-align: middle;
}

.c12 [role='table'] [role='columnheader'] {
  padding-bottom: 0.7rem;
}

.c12 [role='table'] [role='row']:nth-child(even) {
  background-color: rgba(0,0,0,0.1);
}

.c9 {
  background-color: #cce1f3;
  padding: 0.2rem 0.9375rem;
}

.c8 ol {
  padding: 0;
  margin: 0;
}

.c11 {
  border-radius: 0.5rem;
  background-color: #f1f0f0;
  box-shadow: inset 0 0 0 0.3rem white,inset 0 0 0 0.37rem rgba(0,0,0,0.15);
  padding: 1.25rem;
  white-space: nowrap;
}

.c11 > *:not(:last-child) {
  margin-bottom: 1rem;
}

.c3 {
  border-radius: 0.5rem;
  background-color: #f1f0f0;
  box-shadow: inset 0 0 0 0.3rem white,inset 0 0 0 0.37rem rgba(0,0,0,0.15);
  padding: 1.25rem;
}

.c3 > h3 {
  margin-bottom: 1rem;
}

.c10 {
  padding: .5rem;
}

.c6 span:not(:last-child):after {
  content: '.';
}

.c5 li:not(:first-child) {
  padding-top: 1rem;
  margin-top: 1rem;
  border-top: solid 0.0625rem #b7b1a9;
}

.c7 {
  margin-top: 1rem;
}

.c1 {
  padding: .5rem;
  display: -webkit-box;
  display: -webkit-flex;
  display: -ms-flexbox;
  display: flex;
  -webkit-flex-wrap: wrap;
  -ms-flex-wrap: wrap;
  flex-wrap: wrap;
}

.c1 > * {
  -webkit-flex-basis: 40%;
  -ms-flex-preferred-size: 40%;
  flex-basis: 40%;
  -webkit-box-flex: 1;
  -webkit-flex-grow: 1;
  -ms-flex-positive: 1;
  flex-grow: 1;
}

.c2 {
  display: -webkit-box;
  display: -webkit-flex;
  display: -ms-flexbox;
  display: flex;
  -webkit-flex-direction: column;
  -ms-flex-direction: column;
  flex-direction: column;
}

.c2 > * {
  -webkit-box-flex: 1;
  -webkit-flex-grow: 1;
  -ms-flex-positive: 1;
  flex-grow: 1;
}

.c0 {
  padding: 0rem;
}

<article>
  <div
    aria-labelledby="Helt tilfeldig ID"
    className="panel c0"
  >
    <h2
      className="sr-only"
      id="Helt tilfeldig ID"
      tabIndex={-1}
    >
      Foreldrepengerettighet
    </h2>
    <div
      className="c1"
    >
      <div
        className="c2"
      >
        <article
          aria-labelledby="Helt tilfeldig ID"
          className="c3"
        >
          <h3
            className="typo-ingress"
            id="Helt tilfeldig ID"
          >
            Om foreldrepengeretten
          </h3>
          <dl
            className="c4"
          >
            <div>
              <dt
                className="typo-normal"
              >
                Foreldrepengetype
              </dt>
              <dd
                className="typo-element"
              >
                Fødselspenger
              </dd>
            </div>
            <div>
              <dt
                className="typo-normal"
              >
                Dekningsgrad
              </dt>
              <dd
                className="typo-element"
              >
                34%
              </dd>
            </div>
            <div>
              <dt
                className="typo-normal"
              >
                Rettighet fra dato
              </dt>
              <dd
                className="typo-element"
              >
                29.04.2017
              </dd>
            </div>
            <div>
              <dt
                className="typo-normal"
              >
                Graderingsdager
              </dt>
              <dd
                className="typo-element"
              >
                55
              </dd>
            </div>
            <div>
              <dt
                className="typo-normal"
              >
                Restdager
              </dt>
              <dd
                className="typo-element"
              >
                41
              </dd>
            </div>
            <div>
              <dt
                className="typo-normal"
              >
                Maksdato
              </dt>
              <dd
                className="typo-element"
              >
                —
              </dd>
            </div>
            <div>
              <dt
                className="typo-normal"
              >
                Arbeidskategori
              </dt>
              <dd
                className="typo-element"
              >
                Arbeidstaker
              </dd>
            </div>
            <div>
              <dt
                className="typo-normal"
              >
                Fedrekvote til og med
              </dt>
              <dd
                className="typo-element"
              >
                10.02.2019
              </dd>
            </div>
          </dl>
        </article>
        <article
          aria-labelledby="Helt tilfeldig ID"
          className="c3"
        >
          <h3
            className="typo-ingress"
            id="Helt tilfeldig ID"
          >
            Om barnet
          </h3>
          <dl
            className="c4"
          >
            <div>
              <dt
                className="typo-normal"
              >
                Termindato
              </dt>
              <dd
                className="typo-element"
              >
                11.02.2019
              </dd>
            </div>
            <div>
              <dt
                className="typo-normal"
              >
                Fødselsdato
              </dt>
              <dd
                className="typo-element"
              >
                11.02.2019
              </dd>
            </div>
            <div>
              <dt
                className="typo-normal"
              >
                Annen forelder
              </dt>
              <dd
                className="typo-element"
              >
                03063850003
              </dd>
            </div>
            <div>
              <dt
                className="typo-normal"
              >
                Antall barn
              </dt>
              <dd
                className="typo-element"
              >
                5
              </dd>
            </div>
          </dl>
        </article>
      </div>
      <article
        aria-labelledby="Helt tilfeldig ID"
        className="c3"
      >
        <h3
          className="typo-ingress"
          id="Helt tilfeldig ID"
        >
          Arbeidssituasjon
        </h3>
        <ol
          aria-label="Arbeidsgivere"
          className="c5"
        >
          <li>
            <dl
              className="c4"
            >
              <div>
                <dt
                  className="typo-normal"
                >
                  Arbeidsgiver
                </dt>
                <dd
                  className="typo-element"
                >
                  Bakke - Solheim
                </dd>
              </div>
              <div>
                <dt
                  className="typo-normal"
                >
                  Kontonummer
                </dt>
                <dd
                  className="typo-element"
                >
                  <span
                    className="c6"
                  >
                    <span>
                      3517
                    </span>
                    <span>
                      91
                    </span>
                    <span>
                      78779
                    </span>
                  </span>
                </dd>
              </div>
              <div>
                <dt
                  className="typo-normal"
                >
                  Inntekstsperiode
                </dt>
                <dd
                  className="typo-element"
                >
                  Månedlig
                </dd>
              </div>
              <div>
                <dt
                  className="typo-normal"
                >
                  Inntekt for perioden
                </dt>
                <dd
                  className="typo-element"
                >
                  40,062.00 NOK
                </dd>
              </div>
              <div>
                <dt
                  className="typo-normal"
                >
                  Refusjonstype
                </dt>
                <dd
                  className="typo-element"
                >
                  Ikke refusjon
                </dd>
              </div>
              <div>
                <dt
                  className="typo-normal"
                >
                  Refusjon til dato
                </dt>
                <dd
                  className="typo-element"
                >
                  11.02.2019
                </dd>
              </div>
              <div>
                <dt
                  className="typo-normal"
                >
                  Sykepenger fra og med
                </dt>
                <dd
                  className="typo-element"
                >
                  10.02.2019
                </dd>
              </div>
            </dl>
          </li>
        </ol>
        <button
          className="knapp c7 knapp--hoved"
          disabled={false}
          onClick={[Function]}
          type="submit"
        >
          Vis alle arbeidsforhold
        </button>
      </article>
    </div>
    <ol>
      <li
        className="c8"
      >
        <div
          className="c9"
        >
          <h3
            className="typo-element"
          >
            Periode 1 - 29.04.2017
          </h3>
        </div>
        <article
          className="c10"
        >
          <article
            aria-labelledby="Helt tilfeldig ID"
            className="c3"
          >
            <h3
              className="typo-ingress"
              id="Helt tilfeldig ID"
            >
              Om foreldrepengeperioden
            </h3>
            <dl
              className="c4"
            >
              <div>
                <dt
                  className="typo-normal"
                >
                  Arbeidsprosent mor
                </dt>
                <dd
                  className="typo-element"
                >
                  58%
                </dd>
              </div>
              <div>
                <dt
                  className="typo-normal"
                >
                  Mors situasjon
                </dt>
                <dd
                  className="typo-element"
                >
                  nobis sit quo et quis
                </dd>
              </div>
              <div>
                <dt
                  className="typo-normal"
                >
                  Disponibel gradering
                </dt>
                <dd
                  className="typo-element"
                >
                  9%
                </dd>
              </div>
              <div>
                <dt
                  className="typo-normal"
                >
                  Forskyvelsesperiode
                </dt>
                <dd
                  className="typo-element"
                >
                  08.10.2014 - 22.08.2014
                </dd>
              </div>
              <div>
                <dt
                  className="typo-normal"
                >
                  Andre forskyvelsesperiode
                </dt>
                <dd
                  className="typo-element"
                >
                  09.12.2014 - 26.08.2014
                </dd>
              </div>
              <div>
                <dt
                  className="typo-normal"
                >
                  Midlertidig stans
                </dt>
                <dd
                  className="typo-element"
                >
                  2019-02-10
                </dd>
              </div>
              <div>
                <dt
                  className="typo-normal"
                >
                  Stansårsak
                </dt>
                <dd
                  className="typo-element"
                >
                  Avsluttet
                </dd>
              </div>
              <div>
                <dt
                  className="typo-normal"
                >
                  Avslått
                </dt>
                <dd
                  className="typo-element"
                >
                  Avslått
                </dd>
              </div>
              <div>
                <dt
                  className="typo-normal"
                >
                  Mødrekvote
                </dt>
                <dd
                  className="typo-element"
                >
                  —
                </dd>
              </div>
              <div>
                <dt
                  className="typo-normal"
                >
                  Rett til Mødrekvote
                </dt>
                <dd
                  className="typo-element"
                >
                  Ingen rett til mødrekvote
                </dd>
              </div>
              <div>
                <dt
                  className="typo-normal"
                >
                  Aleneomsorg Mor
                </dt>
                <dd
                  className="typo-element"
                >
                  —
                </dd>
              </div>
              <div>
                <dt
                  className="typo-normal"
                >
                  Fedrekvote
                </dt>
                <dd
                  className="typo-element"
                >
                  —
                </dd>
              </div>
              <div>
                <dt
                  className="typo-normal"
                >
                  Rett til Fedrekvote
                </dt>
                <dd
                  className="typo-element"
                >
                  Rett til fedrekvote
                </dd>
              </div>
              <div>
                <dt
                  className="typo-normal"
                >
                  Aleneomsorg Far
                </dt>
                <dd
                  className="typo-element"
                >
                  —
                </dd>
              </div>
            </dl>
          </article>
          <section
            className="c11"
          >
            <h4
              className="typo-ingress"
            >
              Utbetalinger
            </h4>
            <div
              className="c12 typo-normal"
            >
              <table
                role="table"
              >
                <thead
                  role="rowgroup"
                >
                  <tr
                    role="row"
                  >
                    <th
                      role="columnheader"
                    >
                      Reg.dato
                    </th>
                    <th
                      role="columnheader"
                    >
                      Type
                    </th>
                    <th
                      role="columnheader"
                    >
                      Periode
                    </th>
                    <th
                      role="columnheader"
                    >
                      Utb.grad
                    </th>
                    <th
                      role="columnheader"
                    >
                      Dagsats
                    </th>
                    <th
                      role="columnheader"
                    >
                      Bruttobeløp
                    </th>
                    <th
                      role="columnheader"
                    >
                      Arb.giver
                    </th>
                    <th
                      role="columnheader"
                    >
                      Org.nummer
                    </th>
                  </tr>
                </thead>
                <tbody
                  role="rowgroup"
                >
                  <tr
                    role="row"
                  >
                    <td
                      role="cell"
                    >
                      25.06.2018
                    </td>
                    <td
                      role="cell"
                    >
                      KONTOØVERFØRING
                    </td>
                    <td
                      role="cell"
                    >
                      14.01.2018 - 15.07.2017
                    </td>
                    <td
                      role="cell"
                    >
                      79%
                    </td>
                    <td
                      role="cell"
                    >
                      705.00 NOK
                    </td>
                    <td
                      role="cell"
                    >
                      466.00 NOK
                    </td>
                    <td
                      role="cell"
                    >
                      Vedvik - Lunde
                    </td>
                    <td
                      role="cell"
                    >
                      1234567890
                    </td>
                  </tr>
                </tbody>
              </table>
            </div>
            <div
              className="alertstripe alertstripe--info"
            >
              <span
                aria-label="info"
                className="alertstripe__ikon"
              >
                <svg
                  focusable="false"
                  height="1.5em"
                  kind="info-sirkel-fyll"
                  viewBox="0 0 24 24"
                  width="1.5em"
                >
                  <g
                    fill="none"
                  >
                    <path
                      d="M12 0C5.382 0 0 5.382 0 12s5.382 12 12 12c6.617 0 12-5.382 12-12S18.617 0 12 0z"
                      fill="#669DB4"
                    />
                    <path
                      d="M12 5a1.566 1.566 0 1 1 .11 3.13A1.566 1.566 0 0 1 12 5zm2.976 12.01c.563 0 1.043.431 1.043.991s-.48.992-1.043.992H9.39c-.564 0-1.043-.431-1.043-.992 0-.56.479-.99 1.043-.99h1.6v-5.016h-.986c-.565 0-1.044-.43-1.044-.991 0-.56.48-.991 1.044-.991h2.03c.563 0 1.043.43 1.043.99v6.007h1.899z"
                      fill="#FFF"
                    />
                  </g>
                </svg>
              </span>
              <div
                className="typo-normal alertstripe__tekst"
              >
                For detaljer om utførte utbetalinger 
                <a
                  href="/person/10108000398/utbetaling"
                  onClick={[Function]}
                >
                  se Utbetalingsoversikten.
                </a>
              </div>
            </div>
          </section>
        </article>
      </li>
    </ol>
  </div>
</article>
`;
