// Jest Snapshot v1, https://goo.gl/fbAQLP

exports[`UtbetalingerPVent matcher snapshot 1`] = `
.c1 {
  overflow: auto;
  box-shadow: 0 0 0 0.07rem rgba(0,0,0,0.25);
  border-radius: .25rem;
  background-color: white;
}

.c1 [role='table'] {
  text-align: left;
  width: 100%;
}

.c1 [role='table'] thead,
.c1 [role='table'] .thead[role='rowgroup'] {
  border-bottom: 0.2rem solid rgba(0,0,0,0.15);
  font-weight: 600;
}

.c1 [role='table'] [role='cell'],
.c1 [role='table'] [role='columnheader'] {
  padding: 0.7rem;
  vertical-align: middle;
}

.c1 [role='table'] [role='columnheader'] {
  padding-bottom: 0.7rem;
}

.c1 [role='table'] [role='row']:nth-child(even) {
  background-color: rgba(0,0,0,0.1);
}

.c0 {
  border-radius: 0.5rem;
  background-color: #f1f0f0;
  box-shadow: inset 0 0 0 0.3rem white,inset 0 0 0 0.37rem rgba(0,0,0,0.15);
  padding: 1.25rem;
  white-space: nowrap;
}

.c0 > *:not(:last-child) {
  margin-bottom: 1rem;
}

<section
  className="c0"
>
  <h4
    className="typo-ingress"
  >
    Utbetalinger på vent
  </h4>
  <div
    className="c1 typo-normal"
  >
    <table
      role="table"
    >
      <thead
        role="rowgroup"
      >
        <tr
          role="row"
        >
          <th
            role="columnheader"
          >
            Årsak
          </th>
          <th
            role="columnheader"
          >
            Utbetalingsperiode
          </th>
          <th
            role="columnheader"
          >
            Utbetalingsgrad
          </th>
        </tr>
      </thead>
      <tbody
        role="rowgroup"
      >
        <tr
          role="row"
        >
          <td
            role="cell"
          >
            Pga mistenkelig oppførsel
          </td>
          <td
            role="cell"
          >
            13.10.2017 - 10.10.2018
          </td>
          <td
            role="cell"
          >
            62%
          </td>
        </tr>
      </tbody>
    </table>
  </div>
</section>
`;
