// Jest Snapshot v1, https://goo.gl/fbAQLP

exports[`ArbeidsforholdListe matcher snapshot 1`] = `
.c2 span:not(:last-child):after {
  content: '.';
}

.c1 {
  display: -webkit-box;
  display: -webkit-flex;
  display: -ms-flexbox;
  display: flex;
  -webkit-flex-wrap: wrap;
  -ms-flex-wrap: wrap;
  flex-wrap: wrap;
}

.c1 dt {
  color: #645f5a;
}

.c1 dd {
  font-weight: bold;
  margin-top: 0.3rem;
}

.c1 > div {
  margin: 0.9375rem 0;
  padding-right: 1rem;
  width: 13rem;
  overflow-wrap: break-word;
}

.c0 li:not(:first-child) {
  border-top: solid 0.0625rem #b7b1a9;
}

<ol
  aria-label="Arbeidsgivere"
  className="c0"
>
  <li>
    <dl
      className="c1"
    >
      <div>
        <dt
          className="typo-normal"
        >
          Arbeidsgiver
        </dt>
        <dd
          className="typo-normal"
        >
          Andreassen ASA
        </dd>
      </div>
      <div>
        <dt
          className="typo-normal"
        >
          Arbeidskategori
        </dt>
        <dd
          className="typo-normal"
        >
          Arbeidstaker
        </dd>
      </div>
      <div>
        <dt
          className="typo-normal"
        >
          Inntekstsperiode
        </dt>
        <dd
          className="typo-normal"
        >
          MÃ¥nedssats
        </dd>
      </div>
      <div>
        <dt
          className="typo-normal"
        >
          Kontonummer
        </dt>
        <dd
          className="typo-normal"
        >
          <span
            className="c2"
          >
            <span>
              4113
            </span>
            <span>
              16
            </span>
            <span>
              07047
            </span>
          </span>
        </dd>
      </div>
      <div>
        <dt
          className="typo-normal"
        >
          Refusjonstype
        </dt>
        <dd
          className="typo-normal"
        >
          Ikke refusjon
        </dd>
      </div>
      <div>
        <dt
          className="typo-normal"
        >
          Inntekt for perioden
        </dt>
        <dd
          className="typo-normal"
        >
          10,856.00 NOK
        </dd>
      </div>
      <div>
        <dt
          className="typo-normal"
        >
          Refusjon til dato
        </dt>
        <dd
          className="typo-normal"
        >
          09.09.2018
        </dd>
      </div>
    </dl>
  </li>
</ol>
`;
