// Jest Snapshot v1, https://goo.gl/fbAQLP

exports[`Viser meldingercontainer med alt innhold 1`] = `
.c14 {
  -webkit-box-flex: 1;
  -webkit-flex-grow: 1;
  -ms-flex-positive: 1;
  flex-grow: 1;
  display: -webkit-box;
  display: -webkit-flex;
  display: -ms-flexbox;
  display: flex;
  -webkit-box-pack: center;
  -webkit-justify-content: center;
  -ms-flex-pack: center;
  justify-content: center;
  -webkit-align-items: center;
  -webkit-box-align: center;
  -ms-flex-align: center;
  align-items: center;
  -webkit-animation: fYGRJE 0.3s ease-out;
  animation: fYGRJE 0.3s ease-out;
}

.c14 > * {
  -webkit-flex: 0 1 25rem;
  -ms-flex: 0 1 25rem;
  flex: 0 1 25rem;
  display: -webkit-box;
  display: -webkit-flex;
  display: -ms-flexbox;
  display: flex;
  -webkit-box-pack: center;
  -webkit-justify-content: center;
  -ms-flex-pack: center;
  justify-content: center;
}

.c7 {
  position: relative;
  padding: .8rem;
  display: -webkit-box;
  display: -webkit-flex;
  display: -ms-flexbox;
  display: flex;
  -webkit-align-items: center;
  -webkit-box-align: center;
  -ms-flex-align: center;
  align-items: center;
  cursor: pointer;
}

.c7:hover {
  box-shadow: inset 0 0 0 0.1rem #0067c5,0 0.1rem 0.1rem rgba(0,0,0,0.2);
}

.c7:hover > button:last-child {
  padding-left: 0.5rem;
}

.c7 > *:first-child {
  -webkit-box-flex: 1;
  -webkit-flex-grow: 1;
  -ms-flex-positive: 1;
  flex-grow: 1;
}

.c13 {
  border: none;
  padding: 0;
  height: 2rem;
  width: 2rem;
  border-radius: .35rem;
  cursor: pointer;
  background-color: transparent;
  -webkit-transition: padding-left 0.3s;
  transition: padding-left 0.3s;
}

.c13:focus {
  outline: none;
  box-shadow: none;
}

.c13:focus::after {
  position: absolute;
  top: 0;
  left: 0;
  content: '';
  box-shadow: inset 0 0 0 0.1875rem #254b6d;
  height: 100%;
  width: 100%;
  pointer-events: none;
}

.c9 {
  position: relative;
}

.c9 svg {
  height: 1.875rem;
  width: 1.875rem;
  -webkit-clip-path: polygon(0 0,79% 0,79% 46%,100% 46%,100% 100%,0 100%);
  clip-path: polygon(0 0,79% 0,79% 46%,100% 46%,100% 100%,0 100%);
}

.c10 {
  position: absolute;
  top: -0.1875rem;
  right: 0.5625rem;
  border-radius: 50%;
  padding: 0 0.1rem;
}

.c1 {
  overflow: auto;
  max-height: 100%;
  padding: .8rem;
}

.c11 {
  display: -webkit-box;
  display: -webkit-flex;
  display: -ms-flexbox;
  display: flex;
  -webkit-flex-direction: column;
  -ms-flex-direction: column;
  flex-direction: column;
}

.c11 .order-first {
  -webkit-order: 0;
  -ms-flex-order: 0;
  order: 0;
}

.c11 .order-second {
  -webkit-order: 1;
  -ms-flex-order: 1;
  order: 1;
}

.c8 {
  display: -webkit-box;
  display: -webkit-flex;
  display: -ms-flexbox;
  display: flex;
}

.c8 > *:not(:last-child) {
  padding-right: .8rem;
}

.c6:focus {
  position: relative;
  outline: none;
  box-shadow: none;
}

.c6:focus::after {
  position: absolute;
  top: 0;
  left: 0;
  content: '';
  box-shadow: inset 0 0 0 0.1875rem #254b6d;
  height: 100%;
  width: 100%;
  pointer-events: none;
}

.c12 {
  display: -webkit-box;
  display: -webkit-flex;
  display: -ms-flexbox;
  display: flex;
  -webkit-flex-wrap: wrap;
  -ms-flex-wrap: wrap;
  flex-wrap: wrap;
  -webkit-align-items: flex-start;
  -webkit-box-align: flex-start;
  -ms-flex-align: flex-start;
  align-items: flex-start;
  margin-top: 0.2rem;
}

.c12 > *:not(:last-child) {
  margin-bottom: 0.2rem;
  margin-right: 0.2rem;
}

.c2 {
  border-radius: 0.25rem;
  background-color: white;
  box-shadow: 0 0 0.5rem rgba(0,0,0,0.1),0 0 0 1px rgba(0,0,0,0.1);
}

.c2 ol {
  list-style: none;
}

.c4 {
  padding: 0 .8rem .8rem;
  display: -webkit-box;
  display: -webkit-flex;
  display: -ms-flexbox;
  display: flex;
  -webkit-flex-direction: row;
  -ms-flex-direction: row;
  flex-direction: row;
  -webkit-box-pack: justify;
  -webkit-justify-content: space-between;
  -ms-flex-pack: justify;
  justify-content: space-between;
}

.c5 > * {
  border-top: solid 0.0625rem #78706a;
}

.c3 {
  padding: .8rem .8rem 0;
}

.c3 .skjemaelement {
  margin-bottom: 0.2rem;
}

.c0 {
  position: relative;
}

@media (min-width:62.5rem) {
  .c0 {
    max-height: 100%;
    max-width: 100%;
  }
}

@media (min-width:62.5rem) {
  .c0 {
    height: 0;
    -webkit-box-flex: 1;
    -webkit-flex-grow: 1;
    -ms-flex-positive: 1;
    flex-grow: 1;
    display: -webkit-box;
    display: -webkit-flex;
    display: -ms-flexbox;
    display: flex;
  }

  .c0 > *:first-child {
    -webkit-flex: 35% 1 1;
    -ms-flex: 35% 1 1;
    flex: 35% 1 1;
  }

  .c0 > *:last-child {
    -webkit-flex: 65% 1 1;
    -ms-flex: 65% 1 1;
    flex: 65% 1 1;
  }
}

<article
  className="c0"
>
  <div
    className="c1"
  >
    <nav
      className="c2"
    >
      <div
        className="c3"
      >
        <div
          className="skjemaelement move-input-label"
        >
          <label
            className="skjemaelement__label"
            htmlFor="Helt tilfeldig ID"
          >
            SÃ¸k etter melding
          </label>
          <input
            className="skjemaelement__input input--fullbredde"
            id="Helt tilfeldig ID"
            onChange={[Function]}
            type="text"
            value=""
          />
          <div
            aria-live="assertive"
            role="alert"
          />
        </div>
      </div>
      <div
        className="c4"
      >
        <p
          aria-live="polite"
          className="typo-normal"
        >
          Totalt 1 melding
        </p>
      </div>
      <ol
        className="c5"
      >
        <li
          className="test-meldinger-melding c6"
          tabIndex={-1}
        >
          <div
            className="c7"
            onClick={[Function]}
          >
            <div>
              <div
                className="c8"
              >
                <span
                  className="c9"
                >
                  <svg
                    height={24}
                    viewBox="0 0 24 24"
                    width={24}
                    xmlns="http://www.w3.org/2000/svg"
                  >
                    <g
                      fill="none"
                      stroke="currentColor"
                      strokeLinejoin="round"
                      strokeMiterlimit="10"
                    >
                      <path
                        d="M7.44 14.564c-.489-.066-.971-.17-1.44-.314l-5 2 2-3.5c-1.573-1.259-2.5-3.125-2.5-5.064 0-3.83 3.806-6.936 8.5-6.936s8.5 3.106 8.5 6.936"
                      />
                      <path
                        d="M9.5 16.25c0 4.289 5 7.5 9.5 5.5l4 1.5-1.5-3c1.296-1.037 2-2.402 2-4 0-3.154-3.134-6-7-6s-7 2.846-7 6z"
                      />
                    </g>
                  </svg>
                  <p
                    className="typo-undertekst-bold c10"
                  >
                    4
                  </p>
                </span>
                <div>
                  <div
                    className="c11"
                  >
                    <p
                      className="typo-element order-second"
                    >
                      Delsvar - Arbeid
                    </p>
                    <p
                      className="typo-normal order-first"
                    >
                      13.08.2019 00:00
                    </p>
                  </div>
                  <div
                    className="c12"
                  >
                    <div
                      className="etikett etikett--fokus"
                    >
                      <span
                        className="typo-normal"
                      >
                        Under arbeid
                      </span>
                    </div>
                    <div
                      className="etikett etikett--info"
                    >
                      <span
                        className="typo-normal"
                      >
                        Delvis besvart
                      </span>
                    </div>
                  </div>
                </div>
              </div>
            </div>
            <button
              aria-label="Vis meldinger for Delsvar - Arbeid"
              aria-selected={false}
              className="c13"
            >
              <i
                className="nav-frontend-chevron chevronboks chevron--stor chevron--hoyre"
              />
            </button>
          </div>
        </li>
      </ol>
    </nav>
  </div>
  <div
    className="c1"
  >
    <div
      className="c14"
    />
  </div>
</article>
`;
