// Jest Snapshot v1, https://goo.gl/fbAQLP

exports[`viser fullmakt 1`] = `
.c0 {
  position: relative;
  display: -webkit-box;
  display: -webkit-flex;
  display: -ms-flexbox;
  display: flex;
  -webkit-align-items: center;
  -webkit-box-align: center;
  -ms-flex-align: center;
  align-items: center;
}

.c1 {
  position: absolute;
  left: -3.125rem;
  width: 3.125rem;
  display: -webkit-box;
  display: -webkit-flex;
  display: -ms-flexbox;
  display: flex;
  -webkit-box-pack: center;
  -webkit-justify-content: center;
  -ms-flex-pack: center;
  justify-content: center;
}

.c1 > svg {
  height: 1.5rem;
  width: auto;
}

.c3 {
  margin: 10px 0 20px 0;
}

.c3:last-child {
  margin: 10px 0 0 0;
}

.c2 {
  margin-bottom: 1rem;
}

<section>
  <div
    className="c0"
  >
    <div
      className="c1"
    >
      <svg
        viewBox="0 0 100 100"
        xmlns="http://www.w3.org/2000/svg"
      >
        <circle
          cx="50"
          cy="50"
          fill="#FFB249"
          r="50"
        />
        <line
          stroke="#3E3832"
          strokeLinecap="round"
          strokeWidth="4"
          x1="50"
          x2="50"
          y1="25"
          y2="57"
        />
        <circle
          cx="50"
          cy="72"
          fill="#3E3832"
          r="4.5"
        />
      </svg>
    </div>
    <h3
      className="typo-undertittel"
    >
      fullmakter
    </h3>
  </div>
  <div
    className="c2"
  />
  <div
    className="c3"
  >
    <div
      className="c0"
    >
      
      <h4
        className="typo-element"
      >
        Fullmektig
    : [object Object](123456789)
      </h4>
    </div>
    <p
      className="typo-normal"
    >
      Gyldig fra og med 
      01.01.2019
    </p>
    <p
      className="typo-normal"
    >
      Gyldig til og med 
      12.12.2022
    </p>
    <p
      className="typo-normal"
    >
      Gjelder 
      alle ytelser
    </p>
  </div>
</section>
`;
