// Jest Snapshot v1, https://goo.gl/fbAQLP

exports[`Kommende enkelutbetaling matcher snapshot 1`] = `
.c1 {
  overflow: auto;
  box-shadow: 0 0 0 0.07rem rgba(0,0,0,0.25);
  border-radius: .25rem;
  background-color: white;
}

.c1 table {
  text-align: left;
  width: 100%;
}

.c1 table thead {
  border-bottom: 0.2rem solid rgba(0,0,0,0.15);
  font-weight: bold;
}

.c1 table th,
.c1 table td {
  padding: 0.7rem;
  vertical-align: middle;
}

.c1 table th {
  padding-bottom: 0.7rem;
}

.c1 table tr:nth-child(even) {
  background-color: rgba(0,0,0,0.1);
}

.c0 {
  border-radius: 0.5rem;
  background-color: #f1f0f0;
  box-shadow: inset 0 0 0 0.3rem white,inset 0 0 0 0.37rem rgba(0,0,0,0.15);
  padding: 1.25rem;
  white-space: nowrap;
}

.c0 > *:not(:last-child) {
  margin-bottom: 1rem;
}

<section
  className="c0"
>
  <h4
    className="typo-undertittel"
  >
    Kommende utbetalinger
  </h4>
  <div
    className="typo-normal c1"
  >
    <table
      role="table"
    >
      <thead
        role="rowgroup"
      >
        <tr
          role="row"
        >
          <th
            role="columnheader"
          >
            Utb.dato
          </th>
          <th
            role="columnheader"
          >
            Type
          </th>
          <th
            role="columnheader"
          >
            Periode
          </th>
          <th
            role="columnheader"
          >
            Utb.grad
          </th>
          <th
            role="columnheader"
          >
            Dagsats
          </th>
          <th
            role="columnheader"
          >
            Bruttobeløp
          </th>
          <th
            role="columnheader"
          >
            Arb.giver
          </th>
          <th
            role="columnheader"
          >
            Org.nummer
          </th>
        </tr>
      </thead>
      <tbody
        role="rowgroup"
      >
        <tr
          role="row"
        >
          <td
            role="cell"
          >
            25.06.2018
          </td>
          <td
            role="cell"
          >
            KONTOØVERFØRING
          </td>
          <td
            role="cell"
          >
            14.01.2018 - 15.07.2017
          </td>
          <td
            role="cell"
          >
            79%
          </td>
          <td
            role="cell"
          >
            705.00 NOK
          </td>
          <td
            role="cell"
          >
            466.00 NOK
          </td>
          <td
            role="cell"
          >
            Vedvik - Lunde
          </td>
          <td
            role="cell"
          >
            1234567890
          </td>
        </tr>
      </tbody>
    </table>
  </div>
</section>
`;
