// Vitest Snapshot v1, https://vitest.dev/guide/snapshot.html

exports[`viser LazySpinner dersom feature-toggle ikke er satt 1`] = `
.c0 {
  overflow: hidden;
  display: flex;
  justify-content: center;
  animation: edHiKw 0.3s ease-out;
}

<div>
  <span
    class="c0"
  >
    <svg
      aria-label="Laster innhold"
      class="spinner spinner--s"
      focusable="false"
      height="32"
      kind="spinner-negativ"
      preserveAspectRatio="xMidYMid"
      viewBox="0 0 50 50"
      width="32"
    >
      <title>
        Venter...
      </title>
      <circle
        cx="25"
        cy="25"
        fill="none"
        r="20"
        stroke="#eee"
        stroke-width="5"
        xmlns="http://www.w3.org/2000/svg"
      />
      <circle
        cx="25"
        cy="25"
        fill="none"
        r="20"
        stroke="#888"
        stroke-dasharray="50 155"
        stroke-linecap="round"
        stroke-width="5"
      />
    </svg>
  </span>
  <span
    class="c0"
  >
    <svg
      aria-label="Laster innhold"
      class="spinner spinner--s"
      focusable="false"
      height="32"
      kind="spinner-negativ"
      preserveAspectRatio="xMidYMid"
      viewBox="0 0 50 50"
      width="32"
    >
      <title>
        Venter...
      </title>
      <circle
        cx="25"
        cy="25"
        fill="none"
        r="20"
        stroke="#eee"
        stroke-width="5"
        xmlns="http://www.w3.org/2000/svg"
      />
      <circle
        cx="25"
        cy="25"
        fill="none"
        r="20"
        stroke="#888"
        stroke-dasharray="50 155"
        stroke-linecap="round"
        stroke-width="5"
      />
    </svg>
  </span>
</div>
`;
