// Jest Snapshot v1, https://goo.gl/fbAQLP

exports[`Filtrerer bort utbetalinger som ikke skal medregnes og viser totalt-utbetalt-detaljer riktig 1`] = `
Array [
  .c2 {
  display: -webkit-box;
  display: -webkit-flex;
  display: -ms-flexbox;
  display: flex;
  -webkit-box-pack: end;
  -webkit-justify-content: flex-end;
  -ms-flex-pack: end;
  justify-content: flex-end;
}

.c3 {
  position: relative;
  border: none;
  padding: 0;
  border-radius: .35rem;
  cursor: pointer;
  background-color: transparent;
  display: -webkit-box;
  display: -webkit-flex;
  display: -ms-flexbox;
  display: flex;
  -webkit-align-items: center;
  -webkit-box-align: center;
  -ms-flex-align: center;
  align-items: center;
  color: #0067c5;
}

.c3:after {
  border-bottom: 1px #b7b1a9 solid;
  position: absolute;
  bottom: 0;
  left: 0;
  width: 100%;
}

.c3:focus {
  outline: none;
  box-shadow: 0 0 0 0.1875rem #254b6d;
}

.c3:hover {
  opacity: 0.8;
}

.c3:hover:after {
  content: '';
  border-color: #0067c5;
}

.c4 {
  margin-right: 0.5rem;
}

.c0 {
  margin-right: 1.25rem;
}

@media print {
  .c1 {
    display: none;
  }
}

@media print {

}

<div
    className="c0"
  >
    <div
      className="c1"
    >
      <div
        className="c2"
      >
        <button
          aria-expanded={true}
          className="c3"
          onClick={[Function]}
        >
          <span
            className="c4"
          >
            <span
              className="typo-normal"
            >
              Skjul sammendrag
            </span>
          </span>
          <i
            className="nav-frontend-chevron chevronboks chevron--opp"
          />
        </button>
      </div>
    </div>
  </div>,
  .c4 {
  display: -webkit-box;
  display: -webkit-flex;
  display: -ms-flexbox;
  display: flex;
  -webkit-box-pack: end;
  -webkit-justify-content: flex-end;
  -ms-flex-pack: end;
  justify-content: flex-end;
}

.c5 {
  position: relative;
  border: none;
  padding: 0;
  border-radius: .35rem;
  cursor: pointer;
  background-color: transparent;
  display: -webkit-box;
  display: -webkit-flex;
  display: -ms-flexbox;
  display: flex;
  -webkit-align-items: center;
  -webkit-box-align: center;
  -ms-flex-align: center;
  align-items: center;
  color: #0067c5;
}

.c5:after {
  border-bottom: 1px #b7b1a9 solid;
  position: absolute;
  bottom: 0;
  left: 0;
  width: 100%;
}

.c5:focus {
  outline: none;
  box-shadow: 0 0 0 0.1875rem #254b6d;
}

.c5:hover {
  opacity: 0.8;
}

.c5:hover:after {
  content: '';
  border-color: #0067c5;
}

.c6 {
  margin-right: 0.5rem;
}

.c0 {
  -webkit-transition: 0.5s;
  transition: 0.5s;
  padding: 0 1.25rem 1.25rem;
  border-radius: 0.5rem;
  background-color: #f1f0f0;
  box-shadow: inset 0 0 0 0.3rem white,inset 0 0 0 0.37rem rgba(0,0,0,0.15);
  padding: 1.25rem;
  margin-top: 1.25rem;
}

.c1 {
  -webkit-transition: 0.5s;
  transition: 0.5s;
  padding: 0 1.25rem;
  padding: 0;
}

.c2 h2 {
  margin: 0;
  padding: 1.25rem 0;
}

.c2 th:not(:first-child) {
  font-weight: normal;
}

.c2 th {
  text-transform: uppercase;
  font-weight: 600;
}

.c2 tr {
  display: -webkit-box;
  display: -webkit-flex;
  display: -ms-flexbox;
  display: flex;
  -webkit-flex-flow: row wrap;
  -ms-flex-flow: row wrap;
  flex-flow: row wrap;
  position: relative;
}

.c2 tr > *:first-child {
  -webkit-box-flex: 1;
  -webkit-flex-grow: 1;
  -ms-flex-positive: 1;
  flex-grow: 1;
  display: block;
}

.c2 tr .sumBrutto,
.c2 tr .sumNetto,
.c2 tr .sumTrekk {
  position: absolute;
}

.c2 tr .sumBrutto {
  right: 12rem;
}

.c2 tr .sumTrekk {
  right: 6rem;
}

.c2 tr .sumNetto {
  right: 0;
}

.c2 tr td.sumNetto {
  font-weight: 600;
}

.c2 tr .periodeForYtelse,
.c2 tr .ytelseDetaljer {
  -webkit-flex-basis: 100%;
  -ms-flex-preferred-size: 100%;
  flex-basis: 100%;
}

.c2 tr .periodeForYtelse {
  display: block;
  text-align: left;
}

.c2 tr .ytelseDetaljer {
  display: block;
  -webkit-box-flex: 1;
  -webkit-flex-grow: 1;
  -ms-flex-positive: 1;
  flex-grow: 1;
  text-align: right;
  margin-right: 12rem;
}

.c2 tr .ytelseDetaljer dl {
  display: -webkit-box;
  display: -webkit-flex;
  display: -ms-flexbox;
  display: flex;
  -webkit-flex-flow: row wrap;
  -ms-flex-flow: row wrap;
  flex-flow: row wrap;
}

.c2 tr .ytelseDetaljer dl dt {
  -webkit-flex-basis: 50%;
  -ms-flex-preferred-size: 50%;
  flex-basis: 50%;
  -webkit-box-flex: 1;
  -webkit-flex-grow: 1;
  -ms-flex-positive: 1;
  flex-grow: 1;
}

.c2 tr .ytelseDetaljer dl dd {
  padding-left: 1rem;
  -webkit-flex-basis: 7rem;
  -ms-flex-preferred-size: 7rem;
  flex-basis: 7rem;
}

.c2 tbody tr {
  margin-top: 0.5rem;
}

.c2 tbody tr > *:nth-last-child(n + 3) {
  padding-top: 0.5rem;
  border-top: solid 0.0625rem #b7b1a9;
}

@media print {
  .c3 {
    display: none;
  }
}

@media print {
  .c2 table {
    page-break-inside: auto;
  }

  .c2 tbody {
    page-break-inside: auto;
  }
}

<div
    className="c0"
    open={true}
  >
    <div
      className="c1"
      open={true}
    >
      <aside
        aria-label="Sammendrag utbetalinger"
        className="c2"
      >
        <div
          className="typo-normal"
        >
          <table
            role="table"
          >
            <thead
              role="rowgroup"
            >
              <tr
                role="row"
              >
                <th
                  role="columnheader"
                  scope="col"
                >
                  Ytelse
                </th>
                <th
                  className="sumBrutto"
                  role="columnheader"
                  scope="col"
                >
                  Brutto
                </th>
                <th
                  className="sumTrekk"
                  role="columnheader"
                  scope="col"
                >
                  Trekk
                </th>
                <th
                  className="sumNetto"
                  role="columnheader"
                  scope="col"
                >
                  Utbetalt
                </th>
                <th
                  className="visually-hidden"
                  role="columnheader"
                  scope="col"
                >
                  Periode
                </th>
                <th
                  className="visually-hidden"
                  role="columnheader"
                  scope="col"
                >
                  Detaljer
                </th>
              </tr>
            </thead>
            <tbody
              role="rowgroup"
            >
              <tr
                role="row"
              >
                <th
                  role="rowheader"
                  scope="row"
                >
                  Sykepenger 2017
                </th>
                <td
                  className="sumBrutto"
                  role="cell"
                >
                  40,110.00
                </td>
                <td
                  className="sumTrekk"
                  role="cell"
                >
                  -5,952.00
                </td>
                <td
                  className="sumNetto"
                  role="cell"
                >
                  34,158.00
                </td>
                <td
                  className="periodeForYtelse"
                  role="cell"
                >
                  09.11.2016
                   - 
                  31.10.2017
                </td>
                <td
                  className="ytelseDetaljer"
                  role="cell"
                >
                  <dl>
                    <dt>
                      Mouse
                    </dt>
                    <dd>
                      11,580.00
                    </dd>
                    <dt>
                      Computer
                    </dt>
                    <dd>
                      11,790.00
                    </dd>
                    <dt>
                      Bacon
                    </dt>
                    <dd>
                      16,740.00
                    </dd>
                  </dl>
                </td>
              </tr>
            </tbody>
          </table>
        </div>
      </aside>
    </div>
    <div
      aria-hidden={true}
    >
      <div
        className="c3"
      >
        <div
          className="c4"
        >
          <button
            aria-expanded={true}
            className="c5"
            onClick={[Function]}
          >
            <span
              className="c6"
            >
              <span
                className="typo-normal"
              >
                Skjul sammendrag
              </span>
            </span>
            <i
              className="nav-frontend-chevron chevronboks chevron--opp"
            />
          </button>
        </div>
      </div>
    </div>
  </div>,
]
`;
