// Jest Snapshot v1, https://goo.gl/fbAQLP

exports[`viser info om bruker i visittkort-header 1`] = `
<div
  className="sc-EHOje iEMKnz"
>
  <div
    className="sc-bZQynM kCagj"
  >
    <div
      className="sc-htoDjs cUPGxf"
      title="Mann"
    >
      <svg
        height={64}
        viewBox="0 0 64 64"
        width={64}
        xmlns="http://www.w3.org/2000/svg"
      >
        <path
          d="M32 0a32 32 0 1 0 0 64 32 32 0 0 0 0-64zm0 8a3.9 3.9 0 1 1 0 7.7 3.9 3.9 0 0 1 0-7.8zm10 15.5v10.8c0 .9-.7 1.6-1.6 1.6-1 0-1.8-.7-1.8-1.6v-8.9c0-.4-.3-.8-.7-.8-.4 0-.7.3-.7.7v28.5a2.2 2.2 0 1 1-4.5 0v-18a.7.7 0 0 0-1.4 0v18a2.2 2.2 0 0 1-4.4 0V25.4a.7.7 0 0 0-1.5 0V34.3c0 .9-.8 1.6-1.8 1.6s-1.7-.7-1.7-1.6V23.5v-.7c0-3.4 3.6-5.8 7-6H35c3.4.2 7 2.6 7 6v.7z"
          fill="#3385D1"
        />
      </svg>
    </div>
    <div
      className="sc-dnqmqq cOJMoz"
    >
      <h2
        className="typo-undertittel"
      >
        AREMARK TESTFAMILIEN
         (
        42
        )
      </h2>
      <span
        className="typo-undertekst"
      >
        <span
          className="sc-bxivhb dCGcuR"
        >
          <span
            title="Fødselsnummer"
          >
            10108000398
             
          </span>
        </span>
        <ul
          className="sc-htpNat gxIENh"
        >
          <li
            title="Statsborgerskap"
          >
            Norge
          </li>
          <li
            title="Sivilstand"
          >
            Gift
          </li>
          <li
            title="Barn under 21 år"
          >
            1
             barn under 21 år
          </li>
        </ul>
      </span>
    </div>
  </div>
  <div
    className="sc-gzVnrw dcXaNe"
  >
    <div
      className="sc-ifAKCX eHvGAp"
    >
      <div
        className="etikett etikett--advarsel"
      >
        <span
          className="typo-normal"
        >
          Kode 7
        </span>
      </div>
      <div
        className="etikett etikett--advarsel"
      >
        <span
          className="typo-normal"
        >
          Sikkerhetstiltak
        </span>
      </div>
      <div
        className="etikett etikett--fokus"
      >
        <span
          className="typo-normal"
        >
          Vergemål
        </span>
      </div>
      <div
        className="etikett etikett--fokus"
      >
        <span
          className="typo-normal"
        >
          Tolkehjelp
        </span>
      </div>
    </div>
    <span
      className="typo-undertekst"
    >
      <dl
        className="sc-bwzfXH gvaWfu"
      >
        <dt>
          NAV-kontor
        </dt>
        <dd>
          0118
           
          NAV Aremark
        </dd>
      </dl>
    </span>
  </div>
</div>
`;
