// Jest Snapshot v1, https://goo.gl/fbAQLP

exports[`Viser utbetalingsdetaljer riktig med liste med ytelser og trekk 1`] = `
.c0 th:not(:first-child) {
  font-weight: normal;
  font-style: italic;
}

.c1 td:not(:first-child) {
  font-weight: 600;
}

.c2 {
  border-top: solid 0.0625rem #b7b1a9;
  margin: 0.5rem 0;
}

<aside
  aria-label="Utbetalingsdetaljer"
  className="c0"
>
  <span
    className="typo-normal"
  >
    <div
      className="c1"
    >
      <table
        role="table"
      >
        <thead
          role="rowgroup"
        >
          <tr
            role="row"
          >
            <th
              role="columnheader"
            >
              Konto
            </th>
            <th
              role="columnheader"
            >
              Brutto
            </th>
            <th
              role="columnheader"
            >
              Trekk
            </th>
            <th
              role="columnheader"
            >
              Utbetalt
            </th>
          </tr>
        </thead>
        <tbody
          role="rowgroup"
        >
          <tr
            role="row"
          >
            <td
              role="cell"
            >
              123
            </td>
            <td
              role="cell"
            >
              13,370.00
            </td>
            <td
              role="cell"
            >
              -1,984.00
            </td>
            <td
              role="cell"
            >
              11,386.00
            </td>
          </tr>
        </tbody>
      </table>
    </div>
  </span>
  <div
    className="c2"
  />
  <span
    className="typo-normal"
  >
    <table
      role="table"
    >
      <thead
        role="rowgroup"
      >
        <tr
          role="row"
        >
          <th
            role="columnheader"
          >
            Detaljer
          </th>
          <th
            role="columnheader"
          >
            Sats
          </th>
          <th
            role="columnheader"
          >
            Antall
          </th>
          <th
            role="columnheader"
          >
            Beløp
          </th>
        </tr>
      </thead>
      <tbody
        role="rowgroup"
      >
        <tr
          role="row"
        >
          <td
            role="cell"
          >
            Bacon
          </td>
          <td
            role="cell"
          >
            558.00
          </td>
          <td
            role="cell"
          >
            10
          </td>
          <td
            role="cell"
          >
            5,580.00
          </td>
        </tr>
        <tr
          role="row"
        >
          <td
            role="cell"
          >
            Computer
          </td>
          <td
            role="cell"
          >
            1,310.00
          </td>
          <td
            role="cell"
          >
            3
          </td>
          <td
            role="cell"
          >
            3,930.00
          </td>
        </tr>
        <tr
          role="row"
        >
          <td
            role="cell"
          >
            Mouse
          </td>
          <td
            role="cell"
          >
            1,930.00
          </td>
          <td
            role="cell"
          >
            2
          </td>
          <td
            role="cell"
          >
            3,860.00
          </td>
        </tr>
        <tr
          role="row"
        >
          <td
            role="cell"
          >
            Skattetrekk
          </td>
          <td
            role="cell"
          >
            —
          </td>
          <td
            role="cell"
          >
            —
          </td>
          <td
            role="cell"
          >
            -730.00
          </td>
        </tr>
        <tr
          role="row"
        >
          <td
            role="cell"
          >
            Prosenttrekk
          </td>
          <td
            role="cell"
          >
            —
          </td>
          <td
            role="cell"
          >
            —
          </td>
          <td
            role="cell"
          >
            -1,042.00
          </td>
        </tr>
        <tr
          role="row"
        >
          <td
            role="cell"
          >
            Prosenttrekk
          </td>
          <td
            role="cell"
          >
            —
          </td>
          <td
            role="cell"
          >
            —
          </td>
          <td
            role="cell"
          >
            -212.00
          </td>
        </tr>
      </tbody>
    </table>
  </span>
  <div
    className="c2"
  />
  <h4
    className="typo-element"
  >
    Melding
  </h4>
  <p
    className="typo-normal"
  >
    Dette er en melding
  </p>
</aside>
`;
