// Jest Snapshot v1, https://goo.gl/fbAQLP

exports[`Historisk enkelutbetaling matcher snapshot 1`] = `
.c4 {
  display: -webkit-box;
  display: -webkit-flex;
  display: -ms-flexbox;
  display: flex;
  -webkit-box-pack: end;
  -webkit-justify-content: flex-end;
  -ms-flex-pack: end;
  justify-content: flex-end;
}

.c5 {
  position: relative;
  border: none;
  padding: 0;
  border-radius: .35rem;
  cursor: pointer;
  background-color: transparent;
  display: -webkit-box;
  display: -webkit-flex;
  display: -ms-flexbox;
  display: flex;
  -webkit-align-items: center;
  -webkit-box-align: center;
  -ms-flex-align: center;
  align-items: center;
  color: #0067c5;
}

.c5:after {
  border-bottom: 1px #B7B1A9 solid;
  position: absolute;
  bottom: 0;
  left: 0;
  width: 100%;
}

.c5:focus {
  outline: none;
  box-shadow: 0 0 0 0.1875rem #FFBD66;
}

.c5:hover {
  opacity: 0.8;
}

.c5:hover:after {
  content: '';
  border-color: #0067C5;
}

.c6 {
  margin-right: .5rem;
}

.c0 {
  -webkit-transition: 0.5s;
  transition: 0.5s;
  padding: 1.25rem;
  border-radius: 0.5rem;
  background-color: #e9e7e7;
  box-shadow: inset 0 0 0 .3rem white;
  padding: 1.25rem;
}

.c7 {
  -webkit-transition: 0.5s;
  transition: 0.5s;
  padding: 0 1.25rem;
}

.c2 {
  margin-bottom: 1.25rem;
}

.c1 {
  display: -webkit-box;
  display: -webkit-flex;
  display: -ms-flexbox;
  display: flex;
  -webkit-flex-wrap: wrap;
  -ms-flex-wrap: wrap;
  flex-wrap: wrap;
}

.c1 dt {
  color: #78706a;
}

.c1 dd {
  font-weight: bold;
  margin-top: 0.3rem;
}

.c1 > div {
  margin: 0.9375rem 0;
  padding-right: 1rem;
  min-width: 13rem;
}

@media print {
  .c3 {
    display: none;
  }
}

<li
  aria-label="Utført utbetaling 26.01.2019"
>
  <div
    className="c0"
    open={false}
  >
    <dl
      className="c1"
    >
      <div>
        <dt
          className="typo-etikett-liten"
        >
          Type
        </dt>
        <dd
          className="typo-normal"
        >
          KONTOØVERFØRING
        </dd>
      </div>
      <div>
        <dt
          className="typo-etikett-liten"
        >
          Netto
        </dt>
        <dd
          className="typo-normal"
        >
          773.00 NOK
        </dd>
      </div>
      <div>
        <dt
          className="typo-etikett-liten"
        >
          Dato
        </dt>
        <dd
          className="typo-normal"
        >
          26.01.2019
        </dd>
      </div>
      <div>
        <dt
          className="typo-etikett-liten"
        >
          Periode
        </dt>
        <dd
          className="typo-normal"
        >
          09.02.2018 - 25.03.2018
        </dd>
      </div>
      <div>
        <dt
          className="typo-etikett-liten"
        >
          Utbetalingsgrad
        </dt>
        <dd
          className="typo-normal"
        >
          1%
        </dd>
      </div>
    </dl>
    <div
      className="c2"
    >
      <div
        className="c3"
      >
        <div
          className="c4"
        >
          <button
            aria-expanded={false}
            className="c5"
            onClick={[Function]}
          >
            <span
              className="c6"
            >
              <span
                className="typo-normal"
              >
                Vis
                 
                detaljer
              </span>
            </span>
            <i
              className="nav-frontend-chevron chevronboks chevron--ned"
            />
          </button>
        </div>
      </div>
    </div>
    <div
      className="c7"
      open={false}
    />
  </div>
</li>
`;
