// Jest Snapshot v1, https://goo.gl/fbAQLP

exports[`Utbetalinger matcher snapshot 1`] = `
.c2 {
  text-align: center;
}

.c3 {
  display: -webkit-box;
  display: -webkit-flex;
  display: -ms-flexbox;
  display: flex;
  -webkit-box-pack: center;
  -webkit-justify-content: center;
  -ms-flex-pack: center;
  justify-content: center;
}

.c1 {
  padding: 0.5rem;
}

.c0 {
  margin-right: 1rem;
}

.c0 > * {
  margin: 0.625rem 0;
}

<section
  aria-label="Utbetalinger Foreldrepenger"
  className="c0"
>
  <div
    className="alertstripe alertstripe--info"
  >
    <span
      aria-label="info"
      className="alertstripe__ikon"
    >
      <svg
        focusable="false"
        height="1.5em"
        kind="info-sirkel-fyll"
        viewBox="0 0 24 24"
        width="1.5em"
      >
        <g
          fill="none"
          fillRule="evenodd"
        >
          <path
            d="M12.205-.004l-.214.002a12.225 12.225 0 0 0-8.517 3.659C1.179 5.977-.053 9.013.002 12.208c.115 6.613 5.296 11.793 11.795 11.793l.212-.002c6.726-.116 12.105-5.595 11.99-12.21C23.883 5.178 18.702-.003 12.204-.003z"
            fill="#FFA733"
            fillRule="nonzero"
          />
          <path
            d="M12.027 19H12A1.499 1.499 0 0 1 11.973 16L12 16a1.501 1.501 0 0 1 .027 3z"
            fill="#3E3832"
          />
          <path
            d="M12 5a1 1 0 0 1 1 1v7a1 1 0 0 1-2 0V6a1 1 0 0 1 1-1z"
            fill="#3E3832"
            fillRule="nonzero"
          />
        </g>
      </svg>
    </span>
    <span
      className="typo-normal alertstripe__tekst"
    >
      Ingen kommende utbetalinger funnet
    </span>
  </div>
  <section>
    <div
      className="c1"
    >
      <div
        className="c2"
      >
        <h4
          className="typo-undertittel"
        >
          UtfÃ¸rte utbetalinger
        </h4>
      </div>
    </div>
    <ol />
    <div
      className="c3"
    >
      <button
        className="knapp knapp--standard"
        disabled={false}
        onClick={[Function]}
        type="submit"
      >
        Hent alle historiske utbetalinger
      </button>
    </div>
  </section>
</section>
`;
