// Jest Snapshot v1, https://goo.gl/fbAQLP

exports[`Viser riktig form for å endre norsk kontonummer 1`] = `
.c2 {
  color: #78706a;
  margin-top: 3px;
}

.c2 .typo-etikett-liten {
  line-height: 1rem;
}

.c0 {
  margin: 0;
  padding: 0;
  border: 0;
}

.c3 {
  display: -webkit-box;
  display: -webkit-flex;
  display: -ms-flexbox;
  display: flex;
  -webkit-flex-wrap: wrap;
  -ms-flex-wrap: wrap;
  flex-wrap: wrap;
  -webkit-box-pack: end;
  -webkit-justify-content: flex-end;
  -ms-flex-pack: end;
  justify-content: flex-end;
}

.c3 > * {
  margin: 0.5rem 0 0.5rem 1em;
}

.c1 span:not(:last-child):after {
  content: '.';
}

<form
  onSubmit={[Function]}
>
  <fieldset
    className="c0"
    disabled={false}
  >
    <h2
      className="typo-undertittel"
    >
      Kontonummer
    </h2>
    <p
      className="typo-undertekst"
    >
      Gjeldende kontonummer:
      <span
        className="c1"
      >
        <span>
          1234
        </span>
        <span>
          56
        </span>
        <span>
          78911
        </span>
      </span>
    </p>
    <div
      className="c2"
    >
      <p
        className="typo-etikett-liten"
      >
        Endret 12.12.2005 z9910
      </p>
    </div>
    <div
      className="inputPanelGruppe"
    >
      <fieldset
        className="skjema__fieldset"
      >
        <legend
          className="skjema__legend"
        >
          
        </legend>
        <div
          className="inputPanelGruppe__inner"
        >
          <label
            className="inputPanel radioPanel inputPanel--checked"
            htmlFor="Kontonummer i Norge"
          >
            <input
              aria-checked={true}
              checked={true}
              className="inputPanel__field"
              id="Kontonummer i Norge"
              name="Velg norsk eller utenlandsk konto"
              onBlur={[Function]}
              onChange={[Function]}
              onFocus={[Function]}
              type="radio"
              value="Kontonummer i Norge"
            />
            <span
              className="inputPanel__label"
            >
              Kontonummer i Norge
            </span>
          </label>
          <label
            className="inputPanel radioPanel"
            htmlFor="Kontonummer i utlandet"
          >
            <input
              aria-checked={false}
              checked={false}
              className="inputPanel__field"
              id="Kontonummer i utlandet"
              name="Velg norsk eller utenlandsk konto"
              onBlur={[Function]}
              onChange={[Function]}
              onFocus={[Function]}
              type="radio"
              value="Kontonummer i utlandet"
            />
            <span
              className="inputPanel__label"
            >
              Kontonummer i utlandet
            </span>
          </label>
        </div>
      </fieldset>
      <div
        aria-live="assertive"
        role="alert"
      />
    </div>
    <div
      className="skjemaelement"
    >
      <label
        className="skjemaelement__label"
        htmlFor="Helt tilfeldig ID"
      >
        Kontonummer
      </label>
      <input
        className="skjemaelement__input input--fullbredde"
        id="Helt tilfeldig ID"
        onChange={[Function]}
        onKeyPress={[Function]}
        type="text"
        value="1234 56 78911"
      />
      <div
        aria-live="assertive"
        role="alert"
      />
    </div>
    <div
      className="c3"
    >
      <button
        className="knapp knapp--standard knapp--disabled"
        disabled={true}
        onClick={[Function]}
        type="submit"
      >
        Avbryt
      </button>
      <button
        className="knapp knapp--hoved knapp--disabled"
        disabled={true}
        type="submit"
      >
        Endre kontonummer
      </button>
    </div>
    <div
      className="c3"
    >
      <button
        className="knapp knapp--standard"
        disabled={false}
        onClick={[Function]}
        type="button"
      >
        Slett kontonummer
      </button>
    </div>
  </fieldset>
</form>
`;

exports[`Viser riktig form for å endre utenlandsk kontonummer 1`] = `
.c2 {
  color: #78706a;
  margin-top: 3px;
}

.c2 .typo-etikett-liten {
  line-height: 1rem;
}

.c0 {
  margin: 0;
  padding: 0;
  border: 0;
}

.c3 {
  display: -webkit-box;
  display: -webkit-flex;
  display: -ms-flexbox;
  display: flex;
  -webkit-flex-wrap: wrap;
  -ms-flex-wrap: wrap;
  flex-wrap: wrap;
  -webkit-box-pack: end;
  -webkit-justify-content: flex-end;
  -ms-flex-pack: end;
  justify-content: flex-end;
}

.c3 > * {
  margin: 0.5rem 0 0.5rem 1em;
}

.c1 span:not(:last-child):after {
  content: '.';
}

<form
  onSubmit={[Function]}
>
  <fieldset
    className="c0"
    disabled={false}
  >
    <h2
      className="typo-undertittel"
    >
      Kontonummer
    </h2>
    <p
      className="typo-undertekst"
    >
      Gjeldende kontonummer:
      <span
        className="c1"
      >
        <span>
          1234
        </span>
        <span>
          56
        </span>
        <span>
          78911
        </span>
      </span>
    </p>
    <div
      className="c2"
    >
      <p
        className="typo-etikett-liten"
      >
        Endret 12.12.2005 z9910
      </p>
    </div>
    <div
      className="inputPanelGruppe"
    >
      <fieldset
        className="skjema__fieldset"
      >
        <legend
          className="skjema__legend"
        >
          
        </legend>
        <div
          className="inputPanelGruppe__inner"
        >
          <label
            className="inputPanel radioPanel"
            htmlFor="Kontonummer i Norge"
          >
            <input
              aria-checked={false}
              checked={false}
              className="inputPanel__field"
              id="Kontonummer i Norge"
              name="Velg norsk eller utenlandsk konto"
              onBlur={[Function]}
              onChange={[Function]}
              onFocus={[Function]}
              type="radio"
              value="Kontonummer i Norge"
            />
            <span
              className="inputPanel__label"
            >
              Kontonummer i Norge
            </span>
          </label>
          <label
            className="inputPanel radioPanel inputPanel--checked"
            htmlFor="Kontonummer i utlandet"
          >
            <input
              aria-checked={true}
              checked={true}
              className="inputPanel__field"
              id="Kontonummer i utlandet"
              name="Velg norsk eller utenlandsk konto"
              onBlur={[Function]}
              onChange={[Function]}
              onFocus={[Function]}
              type="radio"
              value="Kontonummer i utlandet"
            />
            <span
              className="inputPanel__label"
            >
              Kontonummer i utlandet
            </span>
          </label>
        </div>
      </fieldset>
      <div
        aria-live="assertive"
        role="alert"
      />
    </div>
    <div
      className="skjemaelement"
    >
      <label
        className="skjemaelement__label"
        htmlFor="Helt tilfeldig ID"
      >
        Velg land
      </label>
      <div
        className="selectContainer input--fullbredde"
      >
        <select
          className="skjemaelement__input"
          disabled={false}
          id="Helt tilfeldig ID"
          onChange={[Function]}
          value="NRN"
        >
          <option
            disabled={true}
            value=""
          >
            Velg Land
          </option>
          <option
            value="BMU"
          >
            Bermuda
             (
            BMU
            )
          </option>
          <option
            value="COL"
          >
            Colombia
             (
            COL
            )
          </option>
          <option
            value="LVS"
          >
            Langtvekkistan
             (
            LVS
            )
          </option>
          <option
            value="MRS"
          >
            Mars
             (
            MRS
            )
          </option>
          <option
            value="NRN"
          >
            Narnia
             (
            NRN
            )
          </option>
          <option
            value="NOR"
          >
            Norge
             (
            NOR
            )
          </option>
          <option
            value="ESP"
          >
            Spania
             (
            ESP
            )
          </option>
          <option
            value="SYD"
          >
            Syden
             (
            SYD
            )
          </option>
          <option
            value="USA"
          >
            Usa
             (
            USA
            )
          </option>
          <option
            value="UTL"
          >
            Utlandet
             (
            UTL
            )
          </option>
        </select>
      </div>
      <div
        aria-live="assertive"
        role="alert"
      />
    </div>
    <div
      className="skjemaelement"
    >
      <label
        className="skjemaelement__label"
        htmlFor="Helt tilfeldig ID"
      >
        Bankens navn
      </label>
      <input
        className="skjemaelement__input input--fullbredde"
        id="Helt tilfeldig ID"
        onChange={[Function]}
        onKeyPress={[Function]}
        type="text"
        value="Bien sparebank"
      />
      <div
        aria-live="assertive"
        role="alert"
      />
    </div>
    <div
      className="skjemaelement"
    >
      <label
        className="skjemaelement__label"
        htmlFor="Helt tilfeldig ID"
      >
        Bankens adresse
      </label>
      <input
        className="skjemaelement__input input--fullbredde"
        id="Helt tilfeldig ID"
        onChange={[Function]}
        onKeyPress={[Function]}
        type="text"
        value=""
      />
      <div
        aria-live="assertive"
        role="alert"
      />
    </div>
    <div
      className="skjemaelement"
    >
      <label
        className="skjemaelement__label"
        htmlFor="Helt tilfeldig ID"
      >
        
      </label>
      <input
        className="skjemaelement__input input--fullbredde"
        id="Helt tilfeldig ID"
        onChange={[Function]}
        onKeyPress={[Function]}
        type="text"
        value=""
      />
      <div
        aria-live="assertive"
        role="alert"
      />
    </div>
    <div
      className="skjemaelement"
    >
      <label
        className="skjemaelement__label"
        htmlFor="Helt tilfeldig ID"
      >
        
      </label>
      <input
        className="skjemaelement__input input--fullbredde"
        id="Helt tilfeldig ID"
        onChange={[Function]}
        onKeyPress={[Function]}
        type="text"
        value=""
      />
      <div
        aria-live="assertive"
        role="alert"
      />
    </div>
    <div
      className="skjemaelement"
    >
      <label
        className="skjemaelement__label"
        htmlFor="Helt tilfeldig ID"
      >
        BC/SWIFT-kode
      </label>
      <input
        className="skjemaelement__input input--fullbredde"
        id="Helt tilfeldig ID"
        onChange={[Function]}
        onKeyPress={[Function]}
        type="text"
        value=""
      />
      <div
        aria-live="assertive"
        role="alert"
      />
    </div>
    <div
      className="skjemaelement"
    >
      <label
        className="skjemaelement__label"
        htmlFor="Helt tilfeldig ID"
      >
        Kontonummer eller IBAN
      </label>
      <input
        className="skjemaelement__input input--fullbredde"
        id="Helt tilfeldig ID"
        onChange={[Function]}
        onKeyPress={[Function]}
        type="text"
        value="12345678911"
      />
      <div
        aria-live="assertive"
        role="alert"
      />
    </div>
    <div
      className="skjemaelement"
    >
      <label
        className="skjemaelement__label"
        htmlFor="Helt tilfeldig ID"
      >
        Bankkode
      </label>
      <input
        className="skjemaelement__input input--fullbredde"
        id="Helt tilfeldig ID"
        onChange={[Function]}
        onKeyPress={[Function]}
        type="text"
        value=""
      />
      <div
        aria-live="assertive"
        role="alert"
      />
    </div>
    <div
      className="skjemaelement"
    >
      <label
        className="skjemaelement__label"
        htmlFor="Helt tilfeldig ID"
      >
        Velg valuta
      </label>
      <div
        className="selectContainer input--fullbredde"
      >
        <select
          className="skjemaelement__input"
          disabled={false}
          id="Helt tilfeldig ID"
          onChange={[Function]}
          value="SPD"
        >
          <option
            disabled={true}
            value=""
          >
            Velg valuta
          </option>
          <option
            value="USD"
          >
            Amerikanske Dollar
             (
            USD
            )
          </option>
          <option
            value="GUL"
          >
            Gullmynter, Kong Salomons Rike
             (
            GUL
            )
          </option>
          <option
            value="NZD"
          >
            New Zealand Dollar
             (
            NZD
            )
          </option>
          <option
            value="NOK"
          >
            Norske Kroner
             (
            NOK
            )
          </option>
          <option
            value="SPD"
          >
            Spesidaler
             (
            SPD
            )
          </option>
        </select>
      </div>
      <div
        aria-live="assertive"
        role="alert"
      />
    </div>
    <div
      className="c3"
    >
      <button
        className="knapp knapp--standard knapp--disabled"
        disabled={true}
        onClick={[Function]}
        type="submit"
      >
        Avbryt
      </button>
      <button
        className="knapp knapp--hoved knapp--disabled"
        disabled={true}
        type="submit"
      >
        Endre kontonummer
      </button>
    </div>
    <div
      className="c3"
    >
      <button
        className="knapp knapp--standard"
        disabled={false}
        onClick={[Function]}
        type="button"
      >
        Slett kontonummer
      </button>
    </div>
  </fieldset>
</form>
`;
