// Jest Snapshot v1, https://goo.gl/fbAQLP

exports[`Om Oversikten i pleiepengeretten matcher snapshot 1`] = `
.c1 {
  border-radius: 0.5rem;
  background-color: #f1f0f0;
  box-shadow: inset 0 0 0 0.3rem white,inset 0 0 0 0.37rem rgba(0,0,0,0.15);
  padding: 1.25rem;
}

.c2 {
  display: -webkit-box;
  display: -webkit-flex;
  display: -ms-flexbox;
  display: flex;
  -webkit-flex-wrap: wrap;
  -ms-flex-wrap: wrap;
  flex-wrap: wrap;
}

.c2 dt {
  color: #645f5a;
}

.c2 dd {
  font-weight: bold;
  margin-top: 0.3rem;
}

.c2 > div {
  margin: 0.9375rem 0;
  padding-right: 1rem;
  width: 13rem;
  overflow-wrap: break-word;
}

.c4 span:not(:last-child):after {
  content: '.';
}

.c3 li:not(:first-child) {
  border-top: solid 0.0625rem #b7b1a9;
}

.c0 {
  padding: .8rem;
  display: -webkit-box;
  display: -webkit-flex;
  display: -ms-flexbox;
  display: flex;
  -webkit-flex-wrap: wrap;
  -ms-flex-wrap: wrap;
  flex-wrap: wrap;
}

.c0 > * {
  -webkit-flex-basis: 40%;
  -ms-flex-preferred-size: 40%;
  flex-basis: 40%;
  -webkit-box-flex: 1;
  -webkit-flex-grow: 1;
  -ms-flex-positive: 1;
  flex-grow: 1;
}

<div
  className="c0"
>
  <div
    className="c1"
  >
    <h3
      className="typo-undertittel"
    >
      Om pleiepengeretten
    </h3>
    <dl
      className="c2"
    >
      <div>
        <dt
          className="typo-normal"
        >
          Fra og med
        </dt>
        <dd
          className="typo-normal"
        >
          01.01.1970
        </dd>
      </div>
      <div>
        <dt
          className="typo-normal"
        >
          Til og med
        </dt>
        <dd
          className="typo-normal"
        >
          01.01.1970
        </dd>
      </div>
      <div>
        <dt
          className="typo-normal"
        >
          Pleiepengegrad
        </dt>
        <dd
          className="typo-normal"
        >
          66%
        </dd>
      </div>
      <div>
        <dt
          className="typo-normal"
        >
          Barnet (jente)
        </dt>
        <dd
          className="typo-normal"
        >
          08031815240
        </dd>
      </div>
      <div>
        <dt
          className="typo-normal"
        >
          Annen forelder
        </dt>
        <dd
          className="typo-normal"
        >
          26087625779
        </dd>
      </div>
    </dl>
  </div>
  <div
    className="c1"
  >
    <h3
      className="typo-undertittel"
    >
      Arbeidssituasjon
    </h3>
    <ol
      aria-label="Arbeidsgivere"
      className="c3"
    >
      <li>
        <dl
          className="c2"
        >
          <div>
            <dt
              className="typo-normal"
            >
              Arbeidsgiver
            </dt>
            <dd
              className="typo-normal"
            >
              Ryan og Sønner
            </dd>
          </div>
          <div>
            <dt
              className="typo-normal"
            >
              Arbeidskategori
            </dt>
            <dd
              className="typo-normal"
            >
              Arbeidstaker
            </dd>
          </div>
          <div>
            <dt
              className="typo-normal"
            >
              Inntekstsperiode
            </dt>
            <dd
              className="typo-normal"
            >
              Månedssats
            </dd>
          </div>
          <div>
            <dt
              className="typo-normal"
            >
              Kontonummer
            </dt>
            <dd
              className="typo-normal"
            >
              <span
                className="c4"
              >
                <span>
                  5493
                </span>
                <span>
                  85
                </span>
                <span>
                  21445
                </span>
              </span>
            </dd>
          </div>
          <div>
            <dt
              className="typo-normal"
            >
              Refusjonstype
            </dt>
            <dd
              className="typo-normal"
            >
              Ikke refusjon
            </dd>
          </div>
          <div>
            <dt
              className="typo-normal"
            >
              Inntekt for perioden
            </dt>
            <dd
              className="typo-normal"
            >
              45,029.00 NOK
            </dd>
          </div>
          <div>
            <dt
              className="typo-normal"
            >
              Refusjon til dato
            </dt>
            <dd
              className="typo-normal"
            >
              01.01.1970
            </dd>
          </div>
        </dl>
      </li>
    </ol>
    <button
      className="knapp knapp--hoved"
      disabled={false}
      onClick={[Function]}
      type="submit"
    >
      Vis alle arbeidsforhold
    </button>
  </div>
</div>
`;

exports[`Om Pleiepengeperiode i pleiepengeretten matcher snapshot 1`] = `
.c0 > *:first-child {
  background-color: #cce1f3;
  padding: 0.5rem 1.25rem;
}

.c0 ol {
  padding: 0;
  margin: 0;
}

.c2 {
  overflow: auto;
  box-shadow: 0 0 0 0.07rem rgba(0,0,0,0.25);
  border-radius: .25rem;
  background-color: white;
}

.c2 [role='table'] {
  text-align: left;
  width: 100%;
}

.c2 [role='table'] thead,
.c2 [role='table'] .thead[role='rowgroup'] {
  border-bottom: 0.2rem solid rgba(0,0,0,0.15);
  font-weight: bold;
}

.c2 [role='table'] [role='cell'],
.c2 [role='table'] [role='columnheader'] {
  padding: 0.7rem;
  vertical-align: middle;
}

.c2 [role='table'] [role='columnheader'] {
  padding-bottom: 0.7rem;
}

.c2 [role='table'] [role='row']:nth-child(even) {
  background-color: rgba(0,0,0,0.1);
}

.c1 {
  border-radius: 0.5rem;
  background-color: #f1f0f0;
  box-shadow: inset 0 0 0 0.3rem white,inset 0 0 0 0.37rem rgba(0,0,0,0.15);
  padding: 1.25rem;
  margin: .8rem;
}

.c1 > *:not(:last-child) {
  margin-bottom: 1rem;
}

<li
  className="c0"
>
  <h3
    className="typo-undertittel"
  >
    Periode 1 - 01.01.1970
  </h3>
  <div
    className="c1"
  >
    <h2
      className="typo-undertittel"
    >
      Anviste utbetalinger
    </h2>
    <div
      className="typo-normal c2"
    >
      <table
        role="table"
      >
        <thead
          role="rowgroup"
        >
          <tr
            role="row"
          >
            <th
              role="columnheader"
            >
              Fra og med
            </th>
            <th
              role="columnheader"
            >
              Til og med
            </th>
            <th
              role="columnheader"
            >
              Bruttobeløp
            </th>
            <th
              role="columnheader"
            >
              Anvist utbetaling
            </th>
            <th
              role="columnheader"
            >
              Dagsats
            </th>
            <th
              role="columnheader"
            >
              Pleiepengegrad
            </th>
          </tr>
        </thead>
        <tbody
          role="rowgroup"
        >
          <tr
            role="row"
          >
            <td
              role="cell"
            >
              01.01.1970
            </td>
            <td
              role="cell"
            >
              01.01.1970
            </td>
            <td
              role="cell"
            >
              120.00 NOK
            </td>
            <td
              role="cell"
            >
              01.01.1970
            </td>
            <td
              role="cell"
            >
              5.00 NOK
            </td>
            <td
              role="cell"
            >
              66%
            </td>
          </tr>
          <tr
            role="row"
          >
            <td
              role="cell"
            >
              01.01.1970
            </td>
            <td
              role="cell"
            >
              01.01.1970
            </td>
            <td
              role="cell"
            >
              596.00 NOK
            </td>
            <td
              role="cell"
            >
              01.01.1970
            </td>
            <td
              role="cell"
            >
              27.00 NOK
            </td>
            <td
              role="cell"
            >
              58%
            </td>
          </tr>
        </tbody>
      </table>
    </div>
  </div>
</li>
`;
