// Vitest Snapshot v1, https://vitest.dev/guide/snapshot.html

exports[`viser fullmakt 1`] = `
.c0 {
  position: relative;
  display: flex;
  align-items: center;
}

.c1 {
  position: absolute;
  left: -3.125rem;
  width: 3.125rem;
  display: flex;
  justify-content: center;
}

.c1 >svg {
  height: 1.5rem;
  width: auto;
}

.c3 {
  margin: 10px 0 20px 0;
}

.c3:last-child {
  margin: 10px 0 0 0;
}

.c2 {
  margin-bottom: 1rem;
}

.c5 {
  color: #645f5a;
  margin-top: 3px;
}

.c5 .typo-etikett-liten {
  line-height: 1rem;
}

.c4 {
  color: #645f5a;
  margin-top: -0.275rem;
}

.c4 .typo-etikett-liten {
  line-height: 1rem;
}

<section>
  <div
    className="c0"
  >
    <div
      className="c1"
    >
      <svg
        viewBox="0 0 100 100"
        xmlns="http://www.w3.org/2000/svg"
      >
        <circle
          cx="50"
          cy="50"
          fill="#FFB249"
          r="50"
        />
        <line
          stroke="#3E3832"
          strokeLinecap="round"
          strokeWidth="4"
          x1="50"
          x2="50"
          y1="25"
          y2="57"
        />
        <circle
          cx="50"
          cy="72"
          fill="#3E3832"
          r="4.5"
        />
      </svg>
    </div>
    <h3
      className="typo-undertittel"
    >
      Fullmakter
    </h3>
  </div>
  <div
    className="c2"
  />
  <div
    className="c3"
  >
    <div
      className="c0"
    >
      <h4
        className="typo-element"
      >
        Fullmektig
      </h4>
    </div>
    <p
      className="typo-normal"
    >
      Navn Navnesen
       
      (123456789)
    </p>
    <p
      className="typo-normal"
    >
      Gjelder 
      alle statlige ytelser
    </p>
    <p
      className="typo-normal"
    >
      Telefon: 
      90 90 90 90
    </p>
    <div
      className="c4"
    >
      <p
        className="typo-undertekst"
      >
        I Kontakt- og reservasjonsregisteret
      </p>
    </div>
    <div
      className="c5"
    >
      <p
        className="typo-undertekst"
      >
        Gyldig: 
        01.06.2021 – 01.05.2022
      </p>
    </div>
  </div>
  <div
    className="c3"
  >
    <div
      className="c0"
    >
      <h4
        className="typo-element"
      >
        Fullmektig
      </h4>
    </div>
    <p
      className="typo-normal"
    >
      Navn2 Navnesen2
       
      (12345678111)
    </p>
    <p
      className="typo-normal"
    >
      Gjelder 
      alle statlige ytelser
    </p>
    <p
      className="typo-normal"
    >
      Telefon: 
      Reservert
    </p>
    <div
      className="c4"
    >
      <p
        className="typo-undertekst"
      >
        I Kontakt- og reservasjonsregisteret
      </p>
    </div>
    <div
      className="c5"
    >
      <p
        className="typo-undertekst"
      >
        Gyldig: 
        01.06.2021 – 01.05.2022
      </p>
    </div>
  </div>
</section>
`;
