// Jest Snapshot v1, https://goo.gl/fbAQLP

exports[`Viser form for endre navn 1`] = `
.c1 {
  color: #78706a;
  margin-top: 3px;
}

.c1 .typo-etikett-liten {
  line-height: 1rem;
}

.c0 {
  margin: 0;
  padding: 0;
  border: 0;
}

.c2 {
  display: -webkit-box;
  display: -webkit-flex;
  display: -ms-flexbox;
  display: flex;
  -webkit-flex-wrap: wrap;
  -ms-flex-wrap: wrap;
  flex-wrap: wrap;
  -webkit-box-pack: end;
  -webkit-justify-content: flex-end;
  -ms-flex-pack: end;
  justify-content: flex-end;
}

.c2 > * {
  margin: 0.5rem 0 0.5rem 1em;
}

<form
  onSubmit={[Function]}
>
  <fieldset
    className="c0"
    disabled={false}
  >
    <h2
      className="typo-undertittel"
    >
      Navn
    </h2>
    <div
      className="c1"
    >
      <p
        className="typo-etikett-liten"
      >
        Endret 
        12.12.2012
         
        NAV
      </p>
    </div>
    <div
      className="skjemaelement"
    >
      <label
        className="skjemaelement__label"
        htmlFor="Fornavn"
      >
        Fornavn
      </label>
      <input
        className="skjemaelement__input input--fullbredde"
        id="Fornavn"
        name="Fornavn"
        onChange={[Function]}
        onKeyPress={[Function]}
        type="text"
        value="AREMARK"
      />
      <div
        aria-live="assertive"
        role="alert"
      />
    </div>
    <div
      className="skjemaelement"
    >
      <label
        className="skjemaelement__label"
        htmlFor="Mellomnavn"
      >
        Mellomnavn
      </label>
      <input
        className="skjemaelement__input input--fullbredde"
        id="Mellomnavn"
        name="Mellomnavn"
        onChange={[Function]}
        onKeyPress={[Function]}
        type="text"
        value=""
      />
      <div
        aria-live="assertive"
        role="alert"
      />
    </div>
    <div
      className="skjemaelement"
    >
      <label
        className="skjemaelement__label"
        htmlFor="Etternavn"
      >
        Etternavn
      </label>
      <input
        className="skjemaelement__input input--fullbredde"
        id="Etternavn"
        name="Etternavn"
        onChange={[Function]}
        onKeyPress={[Function]}
        type="text"
        value="TESTFAMILIEN"
      />
      <div
        aria-live="assertive"
        role="alert"
      />
    </div>
    <div
      className="c2"
    >
      <button
        className="knapp knapp--standard knapp--disabled"
        disabled={true}
        onClick={[Function]}
        type="submit"
      >
        Avbryt
      </button>
      <button
        className="knapp knapp--hoved knapp--disabled"
        disabled={true}
        type="submit"
      >
        Endre navn
      </button>
    </div>
  </fieldset>
</form>
`;
