// Jest Snapshot v1, https://goo.gl/fbAQLP

exports[`Viser saksoversiktcontainer med alt innhold 1`] = `
.c15 {
  text-align: center;
}

.c17 {
  text-transform: uppercase;
}

.c16 {
  font-weight: bold;
}

.c22 {
  position: relative;
  border: none;
  padding: 0;
  border-radius: .35rem;
  cursor: pointer;
  background-color: transparent;
  display: -webkit-box;
  display: -webkit-flex;
  display: -ms-flexbox;
  display: flex;
  -webkit-align-items: center;
  -webkit-box-align: center;
  -ms-flex-align: center;
  align-items: center;
  color: #0067c5;
}

.c22:after {
  border-bottom: 1px #b7b1a9 solid;
  position: absolute;
  bottom: 0;
  left: 0;
  width: 100%;
}

.c22:focus {
  outline: none;
  box-shadow: 0 0 0 0.1875rem #FFBD66;
}

.c22:hover {
  opacity: 0.8;
}

.c22:hover:after {
  content: '';
  border-color: #0067c5;
}

.c8 {
  padding: 1.25rem;
  display: -webkit-box;
  display: -webkit-flex;
  display: -ms-flexbox;
  display: flex;
  -webkit-align-items: center;
  -webkit-box-align: center;
  -ms-flex-align: center;
  align-items: center;
  cursor: pointer;
}

.c8:hover {
  box-shadow: inset 0 0 0 0.1rem #0067c5,0 0.1rem 0.1rem rgba(0,0,0,0.2);
}

.c8:hover > button:last-child {
  padding-left: 0.5rem;
}

.c8 > *:first-child {
  -webkit-box-flex: 1;
  -webkit-flex-grow: 1;
  -ms-flex-positive: 1;
  flex-grow: 1;
}

.c4 {
  padding: 1.25rem;
  display: -webkit-box;
  display: -webkit-flex;
  display: -ms-flexbox;
  display: flex;
  -webkit-align-items: center;
  -webkit-box-align: center;
  -ms-flex-align: center;
  align-items: center;
  cursor: pointer;
  background-color: #cce1f3;
}

.c4:hover {
  box-shadow: inset 0 0 0 0.1rem #0067c5,0 0.1rem 0.1rem rgba(0,0,0,0.2);
}

.c4:hover > button:last-child {
  padding-left: 0.5rem;
}

.c4 > *:first-child {
  -webkit-box-flex: 1;
  -webkit-flex-grow: 1;
  -ms-flex-positive: 1;
  flex-grow: 1;
}

.c7 {
  border: none;
  padding: 0;
  height: 2rem;
  width: 2rem;
  border-radius: .35rem;
  cursor: pointer;
  background-color: transparent;
  -webkit-transition: padding-left 0.3s;
  transition: padding-left 0.3s;
}

.c7:focus {
  outline: none;
  box-shadow: 0 0 0 0.1875rem #FFBD66;
}

.c6 svg {
  height: 1.875rem;
  width: 1.875rem;
}

.c5 {
  display: -webkit-box;
  display: -webkit-flex;
  display: -ms-flexbox;
  display: flex;
  -webkit-flex-direction: column;
  -ms-flex-direction: column;
  flex-direction: column;
}

.c5 .order-first {
  -webkit-order: 0;
  -ms-flex-order: 0;
  order: 0;
}

.c5 .order-second {
  -webkit-order: 1;
  -ms-flex-order: 1;
  order: 1;
}

.c3 > * {
  border-top: solid 0.0625rem #b7b1a9;
}

.c1 {
  border-radius: 0.25rem;
  background-color: white;
  box-shadow: 0 0 0.5rem rgba(0,0,0,0.1);
  min-width: 24rem;
  -webkit-flex-basis: 24rem;
  -ms-flex-preferred-size: 24rem;
  flex-basis: 24rem;
}

.c1 ol {
  list-style: none;
}

.c2 {
  padding: 1.25rem;
}

.c23 {
  color: #78706a;
  margin-top: 3px;
}

.c23 .typo-etikett-liten {
  line-height: 1rem;
}

.c18 {
  padding: 1.25rem 0.625rem;
  display: -webkit-box;
  display: -webkit-flex;
  display: -ms-flexbox;
  display: flex;
}

.c20 {
  -webkit-box-flex: 1;
  -webkit-flex-grow: 1;
  -ms-flex-positive: 1;
  flex-grow: 1;
}

.c20 > *:not(:last-child) {
  margin-bottom: 0.5rem;
}

.c19 {
  padding-right: 1rem;
}

.c19 svg {
  height: 1.875rem;
  width: 1.875rem;
}

.c21 {
  display: -webkit-box;
  display: -webkit-flex;
  display: -ms-flexbox;
  display: flex;
  -webkit-flex-direction: column;
  -ms-flex-direction: column;
  flex-direction: column;
}

.c21 .order-first {
  -webkit-order: 0;
  -ms-flex-order: 0;
  order: 0;
}

.c21 .order-second {
  -webkit-order: 1;
  -ms-flex-order: 1;
  order: 1;
}

.c9 {
  position: relative;
  -webkit-box-flex: 1;
  -webkit-flex-grow: 1;
  -ms-flex-positive: 1;
  flex-grow: 1;
}

.c10 {
  border-radius: 0.25rem;
  background-color: white;
  box-shadow: 0 0 0.5rem rgba(0,0,0,0.1);
  display: -webkit-box;
  display: -webkit-flex;
  display: -ms-flexbox;
  display: flex;
  -webkit-flex-wrap: wrap;
  -ms-flex-wrap: wrap;
  flex-wrap: wrap;
  -webkit-box-pack: justify;
  -webkit-justify-content: space-between;
  -ms-flex-pack: justify;
  justify-content: space-between;
  padding: 1.25rem;
}

.c10 > *:first-child {
  -webkit-box-flex: 1;
  -webkit-flex-grow: 1;
  -ms-flex-positive: 1;
  flex-grow: 1;
}

.c10 > div {
  display: -webkit-box;
  display: -webkit-flex;
  display: -ms-flexbox;
  display: flex;
  -webkit-flex-direction: column;
  -ms-flex-direction: column;
  flex-direction: column;
  -webkit-box-pack: justify;
  -webkit-justify-content: space-between;
  -ms-flex-pack: justify;
  justify-content: space-between;
}

.c10 > div > * {
  margin-bottom: 0.5rem;
}

.c10 > div:last-child {
  -webkit-align-items: flex-end;
  -webkit-box-align: flex-end;
  -ms-flex-align: flex-end;
  align-items: flex-end;
}

.c13 {
  padding: 0;
  margin: 0;
  list-style: none;
}

.c14 > *:first-child {
  padding: 0.2rem 0.625rem;
}

.c14 ol {
  border-radius: 0.25rem;
  background-color: white;
  box-shadow: 0 0 0.5rem rgba(0,0,0,0.1);
  padding: 0;
  margin: 0;
}

.c14 ol > *:not(:first-child) {
  border-top: solid 0.0625rem #b7b1a9;
}

.c12 {
  display: -webkit-box;
  display: -webkit-flex;
  display: -ms-flexbox;
  display: flex;
}

.c12 > *:not(:last-child) {
  padding-right: 1rem;
}

.c12 > * {
  margin-bottom: 0;
}

.c24 {
  margin-top: 2rem;
}

.c11 {
  display: -webkit-inline-box;
  display: -webkit-inline-flex;
  display: -ms-inline-flexbox;
  display: inline-flex;
  -webkit-align-items: center;
  -webkit-box-align: center;
  -ms-flex-align: center;
  align-items: center;
}

.c11 > *:last-child {
  margin-left: 1rem;
}

.c11:focus {
  outline: none;
}

.c0 .visually-hidden {
  position: absolute !important;
  height: 1px;
  width: 1px;
  overflow: hidden;
  -webkit-clip: rect(1px 1px 1px 1px);
  clip: rect(1px 1px 1px 1px);
  -webkit-clip: rect(1px,1px,1px,1px);
  clip: rect(1px,1px,1px,1px);
}

.c0 > * {
  margin-bottom: .8rem;
}

@media (min-width:80rem) {
  .c0 {
    display: -webkit-box;
    display: -webkit-flex;
    display: -ms-flexbox;
    display: flex;
    -webkit-align-items: flex-start;
    -webkit-box-align: flex-start;
    -ms-flex-align: flex-start;
    align-items: flex-start;
  }

  .c0 > *:last-child {
    margin-left: .8rem;
  }
}

<article
  aria-label="Brukerens saker"
  className="c0"
>
  <h2
    className="visually-hidden"
    tabIndex={-1}
  >
    Brukerens saker
  </h2>
  <div
    className="c1"
  >
    <div
      className="c2"
    >
      <h2
        className="typo-undertittel"
      >
        Tema
      </h2>
    </div>
    <nav
      aria-label="Velg sakstema"
    >
      <ol
        className="c3"
      >
        <li>
          <div
            className="c4"
            onClick={[Function]}
          >
            <div>
              <div
                className="c5"
              >
                <p
                  className="typo-element order-second"
                >
                  Alle tema
                </p>
                <p
                  className="typo-normal order-first"
                >
                  08.02.2018
                </p>
              </div>
            </div>
            <span
              className="c6"
            />
            <button
              aria-label="Vis Alle tema"
              aria-selected={true}
              className="c7"
              onClick={[Function]}
            >
              <i
                className="nav-frontend-chevron chevronboks chevron--stor chevron--hoyre"
              />
            </button>
          </div>
        </li>
        <li>
          <div
            className="c8"
            onClick={[Function]}
          >
            <div>
              <div
                className="c5"
              >
                <p
                  className="typo-element order-second"
                >
                  Sykepenger
                </p>
                <p
                  className="typo-normal order-first"
                >
                  08.02.2018
                </p>
              </div>
              <p
                className="typo-normal"
              >
                1
                 
                søknad
                 er 
                ferdig behandlet
                .
              </p>
            </div>
            <span
              className="c6"
            >
              <svg
                contentScriptType="text/ecmascript"
                viewBox="0 0 24 24"
                xmlns="http://www.w3.org/2000/svg"
              >
                <g
                  fill="#C6C2BF"
                >
                  <path
                    d="M17.5 10c1.3 0 2.5.3 3.5.9V4.5c0-.3-.2-.5-.5-.5H19V2.5c0-.3-.2-.5-.5-.5H6V.5c0-.3-.2-.5-.5-.5h-5C.2 0 0 .2 0 .5V16c0 1.1.9 2 2 2h8v-.5c0-4.1 3.4-7.5 7.5-7.5zM3 4.5V16a1 1 0 0 1-2 0V1h4v1.5c0 .3.2.5.5.5H18v1H3.5c-.3 0-.5.2-.5.5z"
                  />
                  <path
                    d="M17.5 11a6.5 6.5 0 0 0-5 10.7l9.2-9.1a6.5 6.5 0 0 0-4.2-1.6zM22.4 13.3l-9.1 9.1c1.1 1 2.6 1.6 4.2 1.6a6.5 6.5 0 0 0 5-10.7z"
                  />
                </g>
              </svg>
            </span>
            <button
              aria-label="Vis Sykepenger"
              aria-selected={false}
              className="c7"
              onClick={[Function]}
            >
              <i
                className="nav-frontend-chevron chevronboks chevron--stor chevron--hoyre"
              />
            </button>
          </div>
        </li>
        <li>
          <div
            className="c8"
            onClick={[Function]}
          >
            <div>
              <div
                className="c5"
              >
                <p
                  className="typo-element order-second"
                >
                  Tilleggsstønad arbeidssøkere
                </p>
                <p
                  className="typo-normal order-first"
                >
                  21.11.2017
                </p>
              </div>
            </div>
            <span
              className="c6"
            >
              <svg
                contentScriptType="text/ecmascript"
                viewBox="0 0 24 24"
                xmlns="http://www.w3.org/2000/svg"
              >
                <g
                  fill="#C6C2BF"
                >
                  <path
                    d="M17.5 10c1.3 0 2.5.3 3.5.9V4.5c0-.3-.2-.5-.5-.5H19V2.5c0-.3-.2-.5-.5-.5H6V.5c0-.3-.2-.5-.5-.5h-5C.2 0 0 .2 0 .5V16c0 1.1.9 2 2 2h8v-.5c0-4.1 3.4-7.5 7.5-7.5zM3 4.5V16a1 1 0 0 1-2 0V1h4v1.5c0 .3.2.5.5.5H18v1H3.5c-.3 0-.5.2-.5.5z"
                  />
                  <path
                    d="M17.5 11a6.5 6.5 0 0 0-5 10.7l9.2-9.1a6.5 6.5 0 0 0-4.2-1.6zM22.4 13.3l-9.1 9.1c1.1 1 2.6 1.6 4.2 1.6a6.5 6.5 0 0 0 5-10.7z"
                  />
                </g>
              </svg>
            </span>
            <button
              aria-label="Vis Tilleggsstønad arbeidssøkere"
              aria-selected={false}
              className="c7"
              onClick={[Function]}
            >
              <i
                className="nav-frontend-chevron chevronboks chevron--stor chevron--hoyre"
              />
            </button>
          </div>
        </li>
      </ol>
    </nav>
  </div>
  <section
    aria-label="Saksdokumenter for Alle tema"
    className="c9"
  >
    <section
      className="c10"
    >
      <div>
        <div
          className="c11"
          tabIndex={-1}
        >
          <h2
            className="typo-undertittel"
          >
            Alle tema
          </h2>
          <p
            className="typo-normal"
          >
            (
            2
             journalposter)
          </p>
        </div>
        <form
          aria-label="Filter"
          className="c12"
        >
          <div
            className="skjemaelement skjemaelement--horisontal"
          >
            <input
              checked={true}
              className="skjemaelement__input checkboks"
              id="Helt tilfeldig ID"
              onChange={[Function]}
              type="checkbox"
            />
            <label
              className="skjemaelement__label"
              htmlFor="Helt tilfeldig ID"
            >
              Bruker
            </label>
            <div
              aria-live="assertive"
              role="alert"
            />
          </div>
          <div
            className="skjemaelement skjemaelement--horisontal"
          >
            <input
              checked={true}
              className="skjemaelement__input checkboks"
              id="Helt tilfeldig ID"
              onChange={[Function]}
              type="checkbox"
            />
            <label
              className="skjemaelement__label"
              htmlFor="Helt tilfeldig ID"
            >
              NAV
            </label>
            <div
              aria-live="assertive"
              role="alert"
            />
          </div>
          <div
            className="skjemaelement skjemaelement--horisontal"
          >
            <input
              checked={true}
              className="skjemaelement__input checkboks"
              id="Helt tilfeldig ID"
              onChange={[Function]}
              type="checkbox"
            />
            <label
              className="skjemaelement__label"
              htmlFor="Helt tilfeldig ID"
            >
              Andre
            </label>
            <div
              aria-live="assertive"
              role="alert"
            />
          </div>
        </form>
      </div>
      <div>
        <a
          className="lenke"
          href="https://norg2-frontend.nais.preprod.local/#/startsok?tema=SYK&gt=0118"
          rel="noopener noreferrer"
          target="_blank"
        >
          <p
            className="typo-normal"
          >
            Oversikt over enheter og tema de behandler
          </p>
        </a>
      </div>
    </section>
    <ol
      aria-label="Dokumenter gruppert på årstall"
      className="c13"
    >
      <li
        className="c14"
      >
        <h3
          className="typo-normal"
        >
          <div
            className="c15"
          >
            <span
              className="c16"
            >
              <span
                className="c17"
              >
                2018
              </span>
            </span>
          </div>
        </h3>
        <ol>
          <li
            className="c18"
            onClick={[Function]}
          >
            <div
              className="c19"
            >
              <svg
                aria-label="Du har ikke tilgang til dette dokumentet"
                viewBox="0 0 24 24"
                xmlns="http://www.w3.org/2000/svg"
              >
                <g
                  fill="#C6C2BF"
                >
                  <path
                    d="M17 10V5.5l-.1-.4-5-5-.4-.1H.5C.2 0 0 .2 0 .5v21c0 .3.2.5.5.5h11A7.5 7.5 0 0 1 17 10zM11.5.5l5 5h-5v-5z"
                  />
                  <path
                    d="M17.5 11a6.5 6.5 0 0 0-5 10.7l9.2-9.1a6.5 6.5 0 0 0-4.2-1.6zM22.4 13.3l-9.1 9.1c1.1 1 2.6 1.6 4.2 1.6a6.5 6.5 0 0 0 5-10.7z"
                  />
                </g>
              </svg>
            </div>
            <div
              className="c20"
            >
              <div
                className="c21"
              >
                <div
                  className="order-second"
                >
                  <button
                    aria-disabled={true}
                    className="c22"
                    onClick={[Function]}
                  >
                    <p
                      className="typo-element"
                    >
                      Vurdering feilutbetaling/revurdering
                    </p>
                  </button>
                </div>
                <div
                  className="order-first"
                >
                  <p
                    className="typo-normal"
                  >
                    08.02.2018 / Fra Marie
                  </p>
                </div>
              </div>
              
              <div
                className="c23"
              >
                <p
                  className="typo-etikett-liten"
                >
                  Sykepenger
                   / Saksid: 
                  kv3uqgr5
                </p>
              </div>
            </div>
          </li>
        </ol>
      </li>
      <li
        className="c14"
      >
        <h3
          className="typo-normal"
        >
          <div
            className="c15"
          >
            <span
              className="c16"
            >
              <span
                className="c17"
              >
                2017
              </span>
            </span>
          </div>
        </h3>
        <ol>
          <li
            className="c18"
            onClick={[Function]}
          >
            <div
              className="c19"
            >
              <svg
                aria-label="Du har ikke tilgang til dette dokumentet"
                viewBox="0 0 24 24"
                xmlns="http://www.w3.org/2000/svg"
              >
                <g
                  fill="#C6C2BF"
                >
                  <path
                    d="M17 10V5.5l-.1-.4-5-5-.4-.1H.5C.2 0 0 .2 0 .5v21c0 .3.2.5.5.5h11A7.5 7.5 0 0 1 17 10zM11.5.5l5 5h-5v-5z"
                  />
                  <path
                    d="M17.5 11a6.5 6.5 0 0 0-5 10.7l9.2-9.1a6.5 6.5 0 0 0-4.2-1.6zM22.4 13.3l-9.1 9.1c1.1 1 2.6 1.6 4.2 1.6a6.5 6.5 0 0 0 5-10.7z"
                  />
                </g>
              </svg>
            </div>
            <div
              className="c20"
            >
              <div
                className="c21"
              >
                <div
                  className="order-second"
                >
                  <button
                    aria-disabled={true}
                    className="c22"
                    onClick={[Function]}
                  >
                    <p
                      className="typo-element"
                    >
                      Spørsmål via nav.no
                    </p>
                  </button>
                </div>
                <div
                  className="order-first"
                >
                  <p
                    className="typo-normal"
                  >
                    21.11.2017 / Samtalereferat
                  </p>
                </div>
              </div>
              
              <div
                className="c23"
              >
                <p
                  className="typo-etikett-liten"
                >
                  Sykepenger
                   / Saksid: 
                  8qj6vuv6
                </p>
              </div>
            </div>
          </li>
        </ol>
      </li>
    </ol>
    <div
      className="c24"
    />
    <div
      className="alertstripe alertstripe--info"
    >
      <span
        aria-label="info"
        className="alertstripe__ikon"
      >
        <svg
          focusable="false"
          height="1.5em"
          kind="info-sirkel-fyll"
          viewBox="0 0 24 24"
          width="1.5em"
        >
          <g
            fill="none"
            fillRule="evenodd"
          >
            <path
              d="M12.205-.004l-.214.002a12.225 12.225 0 0 0-8.517 3.659C1.179 5.977-.053 9.013.002 12.208c.115 6.613 5.296 11.793 11.795 11.793l.212-.002c6.726-.116 12.105-5.595 11.99-12.21C23.883 5.178 18.702-.003 12.204-.003z"
              fill="#FFA733"
              fillRule="nonzero"
            />
            <path
              d="M12.027 19H12A1.499 1.499 0 0 1 11.973 16L12 16a1.501 1.501 0 0 1 .027 3z"
              fill="#3E3832"
            />
            <path
              d="M12 5a1 1 0 0 1 1 1v7a1 1 0 0 1-2 0V6a1 1 0 0 1 1-1z"
              fill="#3E3832"
              fillRule="nonzero"
            />
          </g>
        </svg>
      </span>
      <span
        className="typo-normal alertstripe__tekst"
      >
        Modia viser elektroniske dokumenter brukeren har sendt inn via nav.no etter 9. desember 2014. Dokumenter som er journalført vises fra og med 4.juni 2016
      </span>
    </div>
  </section>
</article>
`;
