// Jest Snapshot v1, https://goo.gl/fbAQLP

exports[`viser fortsett dialog 1`] = `
.c5 p {
  margin-bottom: 0 !important;
}

.c4 {
  width: 100%;
  padding-right: 1rem;
}

.c6 {
  padding: 1.5rem 1rem 1rem;
  overflow-wrap: break-word;
  padding-top: 0;
}

.c3 .ekspanderbartPanel__innhold {
  padding: 0;
}

.c3 .ekspanderbartPanel__hode:hover {
  box-shadow: inset 0 0 0 0.1rem #0067c5,0 0.1rem 0.1rem rgba(0,0,0,0.2);
}

.c3 .ekspanderbartPanel__hode:focus {
  outline: none;
  box-shadow: inset 0 0 0 0.1875rem #254b6d;
}

.c0 {
  margin-top: 0.7rem;
}

.c0 .ekspanderbartPanel__innhold {
  padding: 0rem;
}

.c2 {
  position: relative;
  border-bottom: 1px solid #c6c2bf;
}

.c1 {
  margin-top: 0.1rem;
  border: solid 0.0625rem #78706a;
}

.c1 > li:not(:last-child) {
  margin-bottom: 0.1rem;
}

<article
  aria-labelledby="Helt tilfeldig ID"
  className="c0"
>
  <h3
    className="sr-only"
    id="Helt tilfeldig ID"
    tabIndex={-1}
  >
    Tidligere meldinger
  </h3>
  <div
    className="ekspanderbartPanel ekspanderbartPanel--lukket ekspanderbartPanel--border"
  >
    <button
      aria-expanded={false}
      className="ekspanderbartPanel__hode"
      onClick={[Function]}
      onKeyDown={[Function]}
      type="button"
    >
      <div
        className="ekspanderbartPanel__flex-wrapper"
      >
        <undertittel
          className="typo-undertittel ekspanderbartPanel__heading"
        >
          Tidligere meldinger
        </undertittel>
        <span
          className="ekspanderbartPanel__indikator"
        />
      </div>
    </button>
    <article
      aria-label="Tidligere meldinger"
      className="ekspanderbartPanel__innhold"
    >
      <ol
        aria-label="Tidligere meldinger"
        className="c1"
      >
        <li
          className="c2"
        >
          <div
            className="ekspanderbartPanel c3 ekspanderbartPanel--lukket"
          >
            <button
              aria-expanded={false}
              className="ekspanderbartPanel__hode"
              onClick={[Function]}
              onKeyDown={[Function]}
              type="button"
            >
              <div
                className="ekspanderbartPanel__flex-wrapper"
              >
                <div
                  className="c4"
                >
                  <span
                    className="sr-only"
                  >
                    Melding 
                    3
                  </span>
                  <span
                    className="sr-only"
                  >
                    Lukket
                  </span>
                  <h4
                    className="typo-element"
                  >
                    Samtalereferat oppmøte - Arbeid
                  </h4>
                  <p
                    className="typo-undertekst"
                  >
                    30. juli 2019 00:00
                  </p>
                  <div
                    className="tekstomrade typo-normal c5"
                  >
                    <p
                      className="typo-normal blokk-xs"
                    >
                      Skrevet av Sander Hansen (nzxo4q)
                    </p>
                  </div>
                </div>
                <span
                  className="ekspanderbartPanel__indikator"
                />
              </div>
            </button>
            <article
              className="ekspanderbartPanel__innhold"
            >
              <div
                className="tekstomrade c6"
              >
                <p
                  className="typo-normal blokk-xs"
                >
                  Ea laborum accusamus et ex voluptates provident eveniet voluptatem. Sunt et sed eligendi harum exercitationem. Eaque est maiores autem sunt occaecati atque ipsa ea itaque. Dolorum enim quaerat alias ut sit labore pariatur.
                </p>
              </div>
            </article>
          </div>
        </li>
        <li
          className="c2"
        >
          <div
            className="ekspanderbartPanel c3 ekspanderbartPanel--lukket"
          >
            <button
              aria-expanded={false}
              className="ekspanderbartPanel__hode"
              onClick={[Function]}
              onKeyDown={[Function]}
              type="button"
            >
              <div
                className="ekspanderbartPanel__flex-wrapper"
              >
                <div
                  className="c4"
                >
                  <span
                    className="sr-only"
                  >
                    Melding 
                    2
                  </span>
                  <span
                    className="sr-only"
                  >
                    Lukket
                  </span>
                  <h4
                    className="typo-element"
                  >
                    Spørsmål fra bruker - Arbeid
                  </h4>
                  <p
                    className="typo-undertekst"
                  >
                    10. aug. 2019 00:00
                  </p>
                </div>
                <span
                  className="ekspanderbartPanel__indikator"
                />
              </div>
            </button>
            <article
              className="ekspanderbartPanel__innhold"
            >
              <div
                className="tekstomrade c6"
              >
                <p
                  className="typo-normal blokk-xs"
                >
                  Quo magni eaque et libero minima ipsum amet et dolorem. Sed iusto ratione sit. Voluptate alias qui impedit ut dolorum doloribus qui. Qui beatae rerum minima suscipit.
                </p>
              </div>
            </article>
          </div>
        </li>
        <li
          className="c2"
        >
          <div
            className="ekspanderbartPanel c3 ekspanderbartPanel--lukket"
          >
            <button
              aria-expanded={false}
              className="ekspanderbartPanel__hode"
              onClick={[Function]}
              onKeyDown={[Function]}
              type="button"
            >
              <div
                className="ekspanderbartPanel__flex-wrapper"
              >
                <div
                  className="c4"
                >
                  <span
                    className="sr-only"
                  >
                    Melding 
                    1
                  </span>
                  <span
                    className="sr-only"
                  >
                    Lukket
                  </span>
                  <h4
                    className="typo-element"
                  >
                    Spørsmål fra bruker - Arbeid
                  </h4>
                  <p
                    className="typo-undertekst"
                  >
                    06. aug. 2019 00:00
                  </p>
                </div>
                <span
                  className="ekspanderbartPanel__indikator"
                />
              </div>
            </button>
            <article
              className="ekspanderbartPanel__innhold"
            >
              <div
                className="tekstomrade c6"
              >
                <p
                  className="typo-normal blokk-xs"
                >
                  Animi qui molestiae omnis reiciendis quam in. Provident magnam dolor. Omnis voluptatem placeat labore in ut aliquam perspiciatis fugiat. Perspiciatis voluptatum odit.
                </p>
              </div>
            </article>
          </div>
        </li>
      </ol>
    </article>
  </div>
  <ol
    aria-label="Delsvar"
    className="c1"
  >
    <li
      className="c2"
    >
      <div
        className="ekspanderbartPanel c3 ekspanderbartPanel--apen"
      >
        <button
          aria-controls="Helt tilfeldig ID"
          aria-expanded={true}
          className="ekspanderbartPanel__hode"
          onClick={[Function]}
          onKeyDown={[Function]}
          type="button"
        >
          <div
            className="ekspanderbartPanel__flex-wrapper"
          >
            <div
              className="c4"
            >
              <span
                className="sr-only"
              >
                Melding 
                1
              </span>
              <span
                className="sr-only"
              >
                Åpen
              </span>
              <h4
                className="typo-element"
              >
                Delsvar - Arbeid
              </h4>
              <p
                className="typo-undertekst"
              >
                13. aug. 2019 00:00
              </p>
              <div
                className="tekstomrade typo-normal c5"
              >
                <p
                  className="typo-normal blokk-xs"
                >
                  Skrevet av Kristoffer Fredriksen (xy70r8)
                </p>
              </div>
            </div>
            <span
              className="ekspanderbartPanel__indikator"
            />
          </div>
        </button>
        <article
          className="ekspanderbartPanel__innhold"
        >
          <div
            className="tekstomrade c6"
          >
            <p
              className="typo-normal blokk-xs"
            >
              Dolores omnis ea voluptatem corrupti odit incidunt enim. Unde fugiat sed animi explicabo maiores. Nihil cum accusamus omnis officiis deserunt est. Qui quisquam unde aut magni dignissimos.
            </p>
          </div>
        </article>
      </div>
    </li>
  </ol>
</article>
`;
