// Jest Snapshot v1, https://goo.gl/fbAQLP

exports[`Sykepengertilfellet matcher snapshot 1`] = `
.c1 {
  display: -webkit-box;
  display: -webkit-flex;
  display: -ms-flexbox;
  display: flex;
  -webkit-flex-wrap: wrap;
  -ms-flex-wrap: wrap;
  flex-wrap: wrap;
}

.c1 dt {
  color: #645f5a;
}

.c1 > div {
  margin: 0.5625rem 0;
  padding-right: 0.7rem;
  width: 13rem;
  overflow-wrap: break-word;
}

.c0 {
  border-radius: 0.5rem;
  background-color: #f1f0f0;
  box-shadow: inset 0 0 0 0.3rem white,inset 0 0 0 0.37rem rgba(0,0,0,0.15);
  padding: 1.25rem;
}

.c0 > h3 {
  margin-bottom: 1rem;
}

<article
  aria-describedby="Helt tilfeldig ID"
  className="c0"
>
  <h3
    className="typo-ingress"
    id="Helt tilfeldig ID"
  >
    Sykepengetilfellet
  </h3>
  <dl
    className="c1"
  >
    <div>
      <dt
        className="typo-normal"
      >
        Sykemeldt fra og med
      </dt>
      <dd
        className="typo-element"
      >
        06.02.2019
      </dd>
    </div>
    <div>
      <dt
        className="typo-normal"
      >
        Forbrukte dager
      </dt>
      <dd
        className="typo-element"
      >
        23
      </dd>
    </div>
    <div>
      <dt
        className="typo-normal"
      >
        Maksdato
      </dt>
      <dd
        className="typo-element"
      >
        16.01.2019
      </dd>
    </div>
    <div>
      <dt
        className="typo-normal"
      >
        Untatt aktivitet
      </dt>
      <dd
        className="typo-element"
      >
        —
      </dd>
    </div>
    <div>
      <dt
        className="typo-normal"
      >
        Midlertidig stans
      </dt>
      <dd
        className="typo-element"
      >
        —
      </dd>
    </div>
    <div>
      <dt
        className="typo-normal"
      >
        Sanksjonperiode
      </dt>
      <dd
        className="typo-element"
      >
        19.01.2014 - 05.09.2014
      </dd>
    </div>
    <div>
      <dt
        className="typo-normal"
      >
        Ferieperioder
      </dt>
      <dd
        className="typo-element"
      >
        19.01.2014 - 14.01.2014
      </dd>
    </div>
    <div>
      <dt
        className="typo-normal"
      >
        Forsikring
      </dt>
      <dd
        className="typo-element"
      >
        837.00 NOK
      </dd>
    </div>
    <div>
      <dt
        className="typo-normal"
      >
        Gyldig forsikring
      </dt>
      <dd
        className="typo-element"
      >
        Nei
      </dd>
    </div>
    <div>
      <dt
        className="typo-normal"
      >
        Forsikringsperiode
      </dt>
      <dd
        className="typo-element"
      >
        —
      </dd>
    </div>
  </dl>
</article>
`;
